Archive member included to satisfy reference by file (symbol)

c:/intelfpga_lite/22.1std/nios2eds/bin/gnu/h-x86_64-mingw32/bin/../lib/gcc/nios2-elf/12.2.1/../../../../../H-x86_64-mingw32/nios2-elf/lib/mno-hw-mul\libsmallc.a(lib_a-printf.o)
                              obj/default/main.o (printf)
c:/intelfpga_lite/22.1std/nios2eds/bin/gnu/h-x86_64-mingw32/bin/../lib/gcc/nios2-elf/12.2.1/../../../../../H-x86_64-mingw32/nios2-elf/lib/mno-hw-mul\libsmallc.a(lib_a-vfprintf.o)
                              c:/intelfpga_lite/22.1std/nios2eds/bin/gnu/h-x86_64-mingw32/bin/../lib/gcc/nios2-elf/12.2.1/../../../../../H-x86_64-mingw32/nios2-elf/lib/mno-hw-mul\libsmallc.a(lib_a-printf.o) (___vfprintf_internal_r)
c:/intelfpga_lite/22.1std/nios2eds/bin/gnu/h-x86_64-mingw32/bin/../lib/gcc/nios2-elf/12.2.1/../../../../../H-x86_64-mingw32/nios2-elf/lib/mno-hw-mul\libsmallc.a(lib_a-fvwrite_small_dev.o)
                              c:/intelfpga_lite/22.1std/nios2eds/bin/gnu/h-x86_64-mingw32/bin/../lib/gcc/nios2-elf/12.2.1/../../../../../H-x86_64-mingw32/nios2-elf/lib/mno-hw-mul\libsmallc.a(lib_a-printf.o) (__sfvwrite_small_dev)
c:/intelfpga_lite/22.1std/nios2eds/bin/gnu/h-x86_64-mingw32/bin/../lib/gcc/nios2-elf/12.2.1/../../../../../H-x86_64-mingw32/nios2-elf/lib/mno-hw-mul\libsmallc.a(lib_a-impure.o)
                              c:/intelfpga_lite/22.1std/nios2eds/bin/gnu/h-x86_64-mingw32/bin/../lib/gcc/nios2-elf/12.2.1/../../../../../H-x86_64-mingw32/nios2-elf/lib/mno-hw-mul\libsmallc.a(lib_a-printf.o) (_impure_ptr)
c:/intelfpga_lite/22.1std/nios2eds/bin/gnu/h-x86_64-mingw32/bin/../lib/gcc/nios2-elf/12.2.1/../../../../../H-x86_64-mingw32/nios2-elf/lib/mno-hw-mul\libsmallc.a(lib_a-strlen.o)
                              c:/intelfpga_lite/22.1std/nios2eds/bin/gnu/h-x86_64-mingw32/bin/../lib/gcc/nios2-elf/12.2.1/../../../../../H-x86_64-mingw32/nios2-elf/lib/mno-hw-mul\libsmallc.a(lib_a-vfprintf.o) (strlen)
c:/intelfpga_lite/22.1std/nios2eds/bin/gnu/h-x86_64-mingw32/bin/../lib/gcc/nios2-elf/12.2.1/../../../../../H-x86_64-mingw32/nios2-elf/lib/mno-hw-mul\libsmallc.a(lib_a-writer.o)
                              c:/intelfpga_lite/22.1std/nios2eds/bin/gnu/h-x86_64-mingw32/bin/../lib/gcc/nios2-elf/12.2.1/../../../../../H-x86_64-mingw32/nios2-elf/lib/mno-hw-mul\libsmallc.a(lib_a-fvwrite_small_dev.o) (_write_r)
c:/intelfpga_lite/22.1std/nios2eds/bin/gnu/h-x86_64-mingw32/bin/../lib/gcc/nios2-elf/12.2.1/../../../../../H-x86_64-mingw32/nios2-elf/lib/mno-hw-mul\libsmallc.a(lib_a-int_errno.o)
                              c:/intelfpga_lite/22.1std/nios2eds/bin/gnu/h-x86_64-mingw32/bin/../lib/gcc/nios2-elf/12.2.1/../../../../../H-x86_64-mingw32/nios2-elf/lib/mno-hw-mul\libsmallc.a(lib_a-writer.o) (errno)
c:/intelfpga_lite/22.1std/nios2eds/bin/gnu/h-x86_64-mingw32/bin/../lib/gcc/nios2-elf/12.2.1/mno-hw-mul\libgcc.a(lib2-divmod.o)
                              c:/intelfpga_lite/22.1std/nios2eds/bin/gnu/h-x86_64-mingw32/bin/../lib/gcc/nios2-elf/12.2.1/../../../../../H-x86_64-mingw32/nios2-elf/lib/mno-hw-mul\libsmallc.a(lib_a-vfprintf.o) (__udivsi3)
c:/intelfpga_lite/22.1std/nios2eds/bin/gnu/h-x86_64-mingw32/bin/../lib/gcc/nios2-elf/12.2.1/mno-hw-mul\libgcc.a(lib2-mul.o)
                              c:/intelfpga_lite/22.1std/nios2eds/bin/gnu/h-x86_64-mingw32/bin/../lib/gcc/nios2-elf/12.2.1/../../../../../H-x86_64-mingw32/nios2-elf/lib/mno-hw-mul\libsmallc.a(lib_a-vfprintf.o) (__mulsi3)
c:/Users/andre/Documents/GitHub/Sistemas-en-Chip/Practica5/software/contador_bsp/\libhal_bsp.a(alt_load.o)
                              c:/Users/andre/Documents/GitHub/Sistemas-en-Chip/Practica5/software/contador_bsp//obj/HAL/src/crt0.o (alt_load)
c:/Users/andre/Documents/GitHub/Sistemas-en-Chip/Practica5/software/contador_bsp/\libhal_bsp.a(alt_main.o)
                              c:/Users/andre/Documents/GitHub/Sistemas-en-Chip/Practica5/software/contador_bsp//obj/HAL/src/crt0.o (alt_main)
c:/Users/andre/Documents/GitHub/Sistemas-en-Chip/Practica5/software/contador_bsp/\libhal_bsp.a(alt_write.o)
                              c:/intelfpga_lite/22.1std/nios2eds/bin/gnu/h-x86_64-mingw32/bin/../lib/gcc/nios2-elf/12.2.1/../../../../../H-x86_64-mingw32/nios2-elf/lib/mno-hw-mul\libsmallc.a(lib_a-writer.o) (write)
c:/Users/andre/Documents/GitHub/Sistemas-en-Chip/Practica5/software/contador_bsp/\libhal_bsp.a(alt_sys_init.o)
                              c:/Users/andre/Documents/GitHub/Sistemas-en-Chip/Practica5/software/contador_bsp/\libhal_bsp.a(alt_main.o) (alt_irq_init)
c:/Users/andre/Documents/GitHub/Sistemas-en-Chip/Practica5/software/contador_bsp/\libhal_bsp.a(altera_avalon_jtag_uart_fd.o)
                              c:/Users/andre/Documents/GitHub/Sistemas-en-Chip/Practica5/software/contador_bsp/\libhal_bsp.a(alt_sys_init.o) (altera_avalon_jtag_uart_read_fd)
c:/Users/andre/Documents/GitHub/Sistemas-en-Chip/Practica5/software/contador_bsp/\libhal_bsp.a(altera_avalon_jtag_uart_read.o)
[...]
Memory Configuration

Name             Origin             Length             Attributes
reset            0x0000000000008000 0x0000000000000020
onchip_mem       0x0000000000008020 0x0000000000004fe0
*default*        0x0000000000000000 0xffffffffffffffff

Linker script and memory map

LOAD c:/Users/andre/Documents/GitHub/Sistemas-en-Chip/Practica5/software/contador_bsp//obj/HAL/src/crt0.o
LOAD obj/default/main.o
LOAD c:/intelfpga_lite/22.1std/nios2eds/bin/gnu/h-x86_64-mingw32/bin/../lib/gcc/nios2-elf/12.2.1/../../../../../H-x86_64-mingw32/nios2-elf/lib/mno-hw-mul\libstdc++.a
LOAD c:/intelfpga_lite/22.1std/nios2eds/bin/gnu/h-x86_64-mingw32/bin/../lib/gcc/nios2-elf/12.2.1/../../../../../H-x86_64-mingw32/nios2-elf/lib/mno-hw-mul\libm.a
LOAD c:/intelfpga_lite/22.1std/nios2eds/bin/gnu/h-x86_64-mingw32/bin/../lib/gcc/nios2-elf/12.2.1/mno-hw-mul\libgcc.a
START GROUP
LOAD c:/intelfpga_lite/22.1std/nios2eds/bin/gnu/h-x86_64-mingw32/bin/../lib/gcc/nios2-elf/12.2.1/../../../../../H-x86_64-mingw32/nios2-elf/lib/mno-hw-mul\libsmallc.a
LOAD c:/intelfpga_lite/22.1std/nios2eds/bin/gnu/h-x86_64-mingw32/bin/../lib/gcc/nios2-elf/12.2.1/mno-hw-mul\libgcc.a
LOAD c:/Users/andre/Documents/GitHub/Sistemas-en-Chip/Practica5/software/contador_bsp/\libhal_bsp.a
LOAD c:/intelfpga_lite/22.1std/nios2eds/bin/gnu/h-x86_64-mingw32/bin/../lib/gcc/nios2-elf/12.2.1/../../../../../H-x86_64-mingw32/nios2-elf/lib/mno-hw-mul\libm.a
END GROUP
LOAD c:/intelfpga_lite/22.1std/nios2eds/bin/gnu/h-x86_64-mingw32/bin/../lib/gcc/nios2-elf/12.2.1/mno-hw-mul\libgcc.a
                0x0000000000008000                __alt_mem_onchip_mem = 0x8000

.entry          0x0000000000008000       0x20
 *(.entry)
 .entry         0x0000000000008000       0x20 c:/Users/andre/Documents/GitHub/Sistemas-en-Chip/Practica5/software/contador_bsp//obj/HAL/src/crt0.o
                0x0000000000008000                __reset

.exceptions     0x0000000000008020      0x204
                0x0000000000008020                PROVIDE (__ram_exceptions_start = ABSOLUTE (.))
                0x0000000000008020                . = ALIGN (0x20)
 *(.irq)
 *(.exceptions.entry.label)
 .exceptions.entry.label
                0x0000000000008020        0x0 c:/Users/andre/Documents/GitHub/Sistemas-en-Chip/Practica5/software/contador_bsp/\libhal_bsp.a(alt_irq_entry.o)
                0x0000000000008020                alt_irq_entry
 .exceptions.entry.label
                0x0000000000008020        0x0 c:/Users/andre/Documents/GitHub/Sistemas-en-Chip/Practica5/software/contador_bsp/\libhal_bsp.a(alt_exception_entry.o)
                0x0000000000008020                alt_exception
 *(.exceptions.entry.user)
 *(.exceptions.entry.ecc_fatal)
 *(.exceptions.entry)
 .exceptions.entry
                0x0000000000008020       0x54 c:/Users/andre/Documents/GitHub/Sistemas-en-Chip/Practica5/software/contador_bsp/\libhal_bsp.a(alt_exception_entry.o)
 *(.exceptions.irqtest.user)
 *(.exceptions.irqtest)
 .exceptions.irqtest
                0x0000000000008074       0x10 c:/Users/andre/Documents/GitHub/Sistemas-en-Chip/Practica5/software/contador_bsp/\libhal_bsp.a(alt_irq_entry.o)
 *(.exceptions.irqhandler.user)
 *(.exceptions.irqhandler)
 .exceptions.irqhandler
                0x0000000000008084        0x4 c:/Users/andre/Documents/GitHub/Sistemas-en-Chip/Practica5/software/contador_bsp/\libhal_bsp.a(alt_irq_entry.o)
 *(.exceptions.irqreturn.user)
 *(.exceptions.irqreturn)
 .exceptions.irqreturn
                0x0000000000008088        0x4 c:/Users/andre/Documents/GitHub/Sistemas-en-Chip/Practica5/software/contador_bsp/\libhal_bsp.a(alt_irq_entry.o)
 *(.exceptions.notirq.label)
 .exceptions.notirq.label
                0x000000000000808c        0x0 c:/Users/andre/Documents/GitHub/Sistemas-en-Chip/Practica5/software/contador_bsp/\libhal_bsp.a(alt_irq_entry.o)
 *(.exceptions.notirq.user)
 *(.exceptions.notirq)
 .exceptions.notirq
                0x000000000000808c        0x8 c:/Users/andre/Documents/GitHub/Sistemas-en-Chip/Practica5/software/contador_bsp/\libhal_bsp.a(alt_exception_entry.o)
 *(.exceptions.soft.user)
 *(.exceptions.soft)
 *(.exceptions.unknown.user)
 *(.exceptions.unknown)
 .exceptions.unknown
                0x0000000000008094       0x14 c:/Users/andre/Documents/GitHub/Sistemas-en-Chip/Practica5/software/contador_bsp/\libhal_bsp.a(alt_exception_entry.o)
 *(.exceptions.exit.label)
 .exceptions.exit.label
                0x00000000000080a8        0x0 c:/Users/andre/Documents/GitHub/Sistemas-en-Chip/Practica5/software/contador_bsp/\libhal_bsp.a(alt_irq_entry.o)
 .exceptions.exit.label
                0x00000000000080a8        0x0 c:/Users/andre/Documents/GitHub/Sistemas-en-Chip/Practica5/software/contador_bsp/\libhal_bsp.a(alt_exception_entry.o)
 *(.exceptions.exit.user)
 *(.exceptions.exit)
 .exceptions.exit
                0x00000000000080a8       0x54 c:/Users/andre/Documents/GitHub/Sistemas-en-Chip/Practica5/software/contador_bsp/\libhal_bsp.a(alt_exception_entry.o)
 *(.exceptions)
 .exceptions    0x00000000000080fc       0xc8 c:/Users/andre/Documents/GitHub/Sistemas-en-Chip/Practica5/software/contador_bsp/\libhal_bsp.a(alt_irq_handler.o)
                0x00000000000080fc                alt_irq_handler
 .exceptions    0x00000000000081c4       0x60 c:/Users/andre/Documents/GitHub/Sistemas-en-Chip/Practica5/software/contador_bsp/\libhal_bsp.a(alt_instruction_exception_entry.o)
                0x00000000000081c4                alt_instruction_exception_entry
                0x0000000000008224                PROVIDE (__ram_exceptions_end = ABSOLUTE (.))
                0x0000000000008020                PROVIDE (__flash_exceptions_start = LOADADDR (.exceptions))

.text           0x0000000000008224     0x2040
                [!provide]                        PROVIDE (stext = ABSOLUTE (.))
 *(.interp)
 *(.hash)
 *(.dynsym)
 *(.dynstr)
 *(.gnu.version)
 *(.gnu.version_d)
 *(.gnu.version_r)
 *(.rel.init)
 *(.rela.init)
 *(.rel.text .rel.text.* .rel.gnu.linkonce.t.*)
 *(.rela.text .rela.text.* .rela.gnu.linkonce.t.*)
 *(.rel.fini)
 *(.rela.fini)
 *(.rel.rodata .rel.rodata.* .rel.gnu.linkonce.r.*)
 *(.rela.rodata .rela.rodata.* .rela.gnu.linkonce.r.*)
 *(.rel.data .rel.data.* .rel.gnu.linkonce.d.*)
 *(.rela.data .rela.data.* .rela.gnu.linkonce.d.*)
 *(.rel.tdata .rel.tdata.* .rel.gnu.linkonce.td.*)
 *(.rela.tdata .rela.tdata.* .rela.gnu.linkonce.td.*)
 *(.rel.tbss .rel.tbss.* .rel.gnu.linkonce.tb.*)
 *(.rela.tbss .rela.tbss.* .rela.gnu.linkonce.tb.*)
 *(.rel.ctors)
 *(.rela.ctors)
 *(.rel.dtors)
 *(.rela.dtors)
 *(.rel.got)
 *(.rela.got)
 *(.rel.sdata .rel.sdata.* .rel.gnu.linkonce.s.*)
 *(.rela.sdata .rela.sdata.* .rela.gnu.linkonce.s.*)
 *(.rel.sbss .rel.sbss.* .rel.gnu.linkonce.sb.*)
 *(.rela.sbss .rela.sbss.* .rela.gnu.linkonce.sb.*)
 *(.rel.sdata2 .rel.sdata2.* .rel.gnu.linkonce.s2.*)
 *(.rela.sdata2 .rela.sdata2.* .rela.gnu.linkonce.s2.*)
 *(.rel.sbss2 .rel.sbss2.* .rel.gnu.linkonce.sb2.*)
 *(.rela.sbss2 .rela.sbss2.* .rela.gnu.linkonce.sb2.*)
 *(.rel.bss .rel.bss.* .rel.gnu.linkonce.b.*)
 *(.rela.bss .rela.bss.* .rela.gnu.linkonce.b.*)
 *(.rel.plt)
 *(.rela.plt)
 *(.rel.dyn)
 *(.init)
 *(.plt)
 *(.text .stub .text.* .gnu.linkonce.t.*)
 .text          0x0000000000008224       0x3c c:/Users/andre/Documents/GitHub/Sistemas-en-Chip/Practica5/software/contador_bsp//obj/HAL/src/crt0.o
                0x0000000000008224                _start
 .text          0x0000000000008260       0xb0 obj/default/main.o
                0x0000000000008260                main
                0x00000000000082c8                Delay
 .text          0x0000000000008310        0x0 c:/intelfpga_lite/22.1std/nios2eds/bin/gnu/h-x86_64-mingw32/bin/../lib/gcc/nios2-elf/12.2.1/../../../../../H-x86_64-mingw32/nios2-elf/lib/mno-hw-mul\libsmallc.a(lib_a-printf.o)
 .text._printf_r
                0x0000000000008310       0x3c c:/intelfpga_lite/22.1std/nios2eds/bin/gnu/h-x86_64-mingw32/bin/../lib/gcc/nios2-elf/12.2.1/../../../../../H-x86_64-mingw32/nios2-elf/lib/mno-hw-mul\libsmallc.a(lib_a-printf.o)
                0x0000000000008310                _printf_r
 .text.printf   0x000000000000834c       0x48 c:/intelfpga_lite/22.1std/nios2eds/bin/gnu/h-x86_64-mingw32/bin/../lib/gcc/nios2-elf/12.2.1/../../../../../H-x86_64-mingw32/nios2-elf/lib/mno-hw-mul\libsmallc.a(lib_a-printf.o)
                0x000000000000834c                printf
 .text          0x0000000000008394        0x0 c:/intelfpga_lite/22.1std/nios2eds/bin/gnu/h-x86_64-mingw32/bin/../lib/gcc/nios2-elf/12.2.1/../../../../../H-x86_64-mingw32/nios2-elf/lib/mno-hw-mul\libsmallc.a(lib_a-vfprintf.o)
 .text.print_repeat
                0x0000000000008394       0x6c c:/intelfpga_lite/22.1std/nios2eds/bin/gnu/h-x86_64-mingw32/bin/../lib/gcc/nios2-elf/12.2.1/../../../../../H-x86_64-mingw32/nios2-elf/lib/mno-hw-mul\libsmallc.a(lib_a-vfprintf.o)
 .text.___vfprintf_internal_r
                0x0000000000008400      0x51c c:/intelfpga_lite/22.1std/nios2eds/bin/gnu/h-x86_64-mingw32/bin/../lib/gcc/nios2-elf/12.2.1/../../../../../H-x86_64-mingw32/nios2-elf/lib/mno-hw-mul\libsmallc.a(lib_a-vfprintf.o)
                0x0000000000008400                ___vfprintf_internal_r
 .text.__vfprintf_internal
                0x000000000000891c       0x18 c:/intelfpga_lite/22.1std/nios2eds/bin/gnu/h-x86_64-mingw32/bin/../lib/gcc/nios2-elf/12.2.1/../../../../../H-x86_64-mingw32/nios2-elf/lib/mno-hw-mul\libsmallc.a(lib_a-vfprintf.o)
                0x000000000000891c                __vfprintf_internal
 .text          0x0000000000008934        0x0 c:/intelfpga_lite/22.1std/nios2eds/bin/gnu/h-x86_64-mingw32/bin/../lib/gcc/nios2-elf/12.2.1/../../../../../H-x86_64-mingw32/nios2-elf/lib/mno-hw-mul\libsmallc.a(lib_a-fvwrite_small_dev.o)
 .text.__sfvwrite_small_dev
                0x0000000000008934       0xa8 c:/intelfpga_lite/22.1std/nios2eds/bin/gnu/h-x86_64-mingw32/bin/../lib/gcc/nios2-elf/12.2.1/../../../../../H-x86_64-mingw32/nios2-elf/lib/mno-hw-mul\libsmallc.a(lib_a-fvwrite_small_dev.o)
                0x0000000000008934                __sfvwrite_small_dev
 .text          0x00000000000089dc        0x0 c:/intelfpga_lite/22.1std/nios2eds/bin/gnu/h-x86_64-mingw32/bin/../lib/gcc/nios2-elf/12.2.1/../../../../../H-x86_64-mingw32/nios2-elf/lib/mno-hw-mul\libsmallc.a(lib_a-impure.o)
 .text          0x00000000000089dc        0x0 c:/intelfpga_lite/22.1std/nios2eds/bin/gnu/h-x86_64-mingw32/bin/../lib/gcc/nios2-elf/12.2.1/../../../../../H-x86_64-mingw32/nios2-elf/lib/mno-hw-mul\libsmallc.a(lib_a-strlen.o)
 .text.strlen   0x00000000000089dc       0x1c c:/intelfpga_lite/22.1std/nios2eds/bin/gnu/h-x86_64-mingw32/bin/../lib/gcc/nios2-elf/12.2.1/../../../../../H-x86_64-mingw32/nios2-elf/lib/mno-hw-mul\libsmallc.a(lib_a-strlen.o)
                0x00000000000089dc                strlen
 .text          0x00000000000089f8        0x0 c:/intelfpga_lite/22.1std/nios2eds/bin/gnu/h-x86_64-mingw32/bin/../lib/gcc/nios2-elf/12.2.1/../../../../../H-x86_64-mingw32/nios2-elf/lib/mno-hw-mul\libsmallc.a(lib_a-writer.o)
 .text._write_r
                0x00000000000089f8       0x50 c:/intelfpga_lite/22.1std/nios2eds/bin/gnu/h-x86_64-mingw32/bin/../lib/gcc/nios2-elf/12.2.1/../../../../../H-x86_64-mingw32/nios2-elf/lib/mno-hw-mul\libsmallc.a(lib_a-writer.o)
                0x00000000000089f8                _write_r
 .text          0x0000000000008a48        0x0 c:/intelfpga_lite/22.1std/nios2eds/bin/gnu/h-x86_64-mingw32/bin/../lib/gcc/nios2-elf/12.2.1/../../../../../H-x86_64-mingw32/nios2-elf/lib/mno-hw-mul\libsmallc.a(lib_a-int_errno.o)
 .text          0x0000000000008a48      0x1b4 c:/intelfpga_lite/22.1std/nios2eds/bin/gnu/h-x86_64-mingw32/bin/../lib/gcc/nios2-elf/12.2.1/mno-hw-mul\libgcc.a(lib2-divmod.o)
                0x0000000000008a48                __divsi3
                0x0000000000008ac8                __modsi3
                0x0000000000008b3c                __udivsi3
                0x0000000000008ba0                __umodsi3
 .text          0x0000000000008bfc       0x28 c:/intelfpga_lite/22.1std/nios2eds/bin/gnu/h-x86_64-mingw32/bin/../lib/gcc/nios2-elf/12.2.1/mno-hw-mul\libgcc.a(lib2-mul.o)
                0x0000000000008bfc                __mulsi3
 .text          0x0000000000008c24       0xec c:/Users/andre/Documents/GitHub/Sistemas-en-Chip/Practica5/software/contador_bsp/\libhal_bsp.a(alt_load.o)
                0x0000000000008c8c                alt_load
 .text          0x0000000000008d10       0x6c c:/Users/andre/Documents/GitHub/Sistemas-en-Chip/Practica5/software/contador_bsp/\libhal_bsp.a(alt_main.o)
                0x0000000000008d10                alt_main
 .text          0x0000000000008d7c      0x140 c:/Users/andre/Documents/GitHub/Sistemas-en-Chip/Practica5/software/contador_bsp/\libhal_bsp.a(alt_write.o)
                0x0000000000008db8                write
 .text          0x0000000000008ebc       0xbc c:/Users/andre/Documents/GitHub/Sistemas-en-Chip/Practica5/software/contador_bsp/\libhal_bsp.a(alt_sys_init.o)
                0x0000000000008ef0                alt_irq_init
                0x0000000000008f2c                alt_sys_init
 .text          0x0000000000008f78       0xc0 c:/Users/andre/Documents/GitHub/Sistemas-en-Chip/Practica5/software/contador_bsp/\libhal_bsp.a(altera_avalon_jtag_uart_fd.o)
                0x0000000000008f78                altera_avalon_jtag_uart_read_fd
                0x0000000000008fd8                altera_avalon_jtag_uart_write_fd
 .text          0x0000000000009038       0xec c:/Users/andre/Documents/GitHub/Sistemas-en-Chip/Practica5/software/contador_bsp/\libhal_bsp.a(altera_avalon_jtag_uart_read.o)
                0x0000000000009038                altera_avalon_jtag_uart_read
 .text          0x0000000000009124       0x98 c:/Users/andre/Documents/GitHub/Sistemas-en-Chip/Practica5/software/contador_bsp/\libhal_bsp.a(altera_avalon_jtag_uart_write.o)
                0x0000000000009124                altera_avalon_jtag_uart_write
 .text          0x00000000000091bc      0x100 c:/Users/andre/Documents/GitHub/Sistemas-en-Chip/Practica5/software/contador_bsp/\libhal_bsp.a(altera_avalon_timer_sc.o)
                0x0000000000009238                alt_avalon_timer_sc_init
 .text          0x00000000000092bc      0x118 c:/Users/andre/Documents/GitHub/Sistemas-en-Chip/Practica5/software/contador_bsp/\libhal_bsp.a(alt_close.o)
                0x00000000000092f8                close
 .text          0x00000000000093d4       0x20 c:/Users/andre/Documents/GitHub/Sistemas-en-Chip/Practica5/software/contador_bsp/\libhal_bsp.a(alt_dcache_flush_all.o)
                0x00000000000093d4                alt_dcache_flush_all
 .text          0x00000000000093f4       0x2c c:/Users/andre/Documents/GitHub/Sistemas-en-Chip/Practica5/software/contador_bsp/\libhal_bsp.a(alt_dev.o)
 .text          0x0000000000009420       0xe4 c:/Users/andre/Documents/GitHub/Sistemas-en-Chip/Practica5/software/contador_bsp/\libhal_bsp.a(alt_dev_llist_insert.o)
                0x000000000000945c                alt_dev_llist_insert
 .text          0x0000000000009504        0x0 c:/Users/andre/Documents/GitHub/Sistemas-en-Chip/Practica5/software/contador_bsp/\libhal_bsp.a(alt_errno.o)
 .text          0x0000000000009504       0x20 c:/Users/andre/Documents/GitHub/Sistemas-en-Chip/Practica5/software/contador_bsp/\libhal_bsp.a(alt_icache_flush_all.o)
                0x0000000000009504                alt_icache_flush_all
 .text          0x0000000000009524      0x1b0 c:/Users/andre/Documents/GitHub/Sistemas-en-Chip/Practica5/software/contador_bsp/\libhal_bsp.a(alt_iic.o)
                0x0000000000009524                alt_ic_isr_register
                0x0000000000009574                alt_ic_irq_enable
                0x00000000000095fc                alt_ic_irq_disable
                0x0000000000009688                alt_ic_irq_enabled
 .text          0x00000000000096d4       0xe8 c:/Users/andre/Documents/GitHub/Sistemas-en-Chip/Practica5/software/contador_bsp/\libhal_bsp.a(alt_iic_isr_register.o)
                0x00000000000096d4                alt_iic_isr_register
 .text          0x00000000000097bc      0x150 c:/Users/andre/Documents/GitHub/Sistemas-en-Chip/Practica5/software/contador_bsp/\libhal_bsp.a(alt_io_redirect.o)
                0x0000000000009890                alt_io_redirect
 .text          0x000000000000990c        0x0 c:/Users/andre/Documents/GitHub/Sistemas-en-Chip/Practica5/software/contador_bsp/\libhal_bsp.a(alt_irq_entry.o)
 .text          0x000000000000990c        0x0 c:/Users/andre/Documents/GitHub/Sistemas-en-Chip/Practica5/software/contador_bsp/\libhal_bsp.a(alt_irq_handler.o)
 .text          0x000000000000990c        0x0 c:/Users/andre/Documents/GitHub/Sistemas-en-Chip/Practica5/software/contador_bsp/\libhal_bsp.a(alt_irq_vars.o)
 .text          0x000000000000990c      0x278 c:/Users/andre/Documents/GitHub/Sistemas-en-Chip/Practica5/software/contador_bsp/\libhal_bsp.a(alt_open.o)
                0x0000000000009a24                open
 .text          0x0000000000009b84       0x70 c:/Users/andre/Documents/GitHub/Sistemas-en-Chip/Practica5/software/contador_bsp/\libhal_bsp.a(alt_release_fd.o)
                0x0000000000009b84                alt_release_fd
 .text          0x0000000000009bf4      0x1d0 c:/Users/andre/Documents/GitHub/Sistemas-en-Chip/Practica5/software/contador_bsp/\libhal_bsp.a(alt_tick.o)
                0x0000000000009bf4                alt_alarm_stop
                0x0000000000009c98                alt_tick
 .text          0x0000000000009dc4       0x24 c:/Users/andre/Documents/GitHub/Sistemas-en-Chip/Practica5/software/contador_bsp/\libhal_bsp.a(altera_nios2_gen2_irq.o)
                0x0000000000009dc4                altera_nios2_gen2_irq_init
 .text          0x0000000000009de8        0x0 c:/Users/andre/Documents/GitHub/Sistemas-en-Chip/Practica5/software/contador_bsp/\libhal_bsp.a(alt_exception_entry.o)
 .text          0x0000000000009de8       0x90 c:/Users/andre/Documents/GitHub/Sistemas-en-Chip/Practica5/software/contador_bsp/\libhal_bsp.a(alt_find_dev.o)
                0x0000000000009de8                alt_find_dev
 .text          0x0000000000009e78      0x108 c:/Users/andre/Documents/GitHub/Sistemas-en-Chip/Practica5/software/contador_bsp/\libhal_bsp.a(alt_find_file.o)
                0x0000000000009e78                alt_find_file
 .text          0x0000000000009f80       0xb8 c:/Users/andre/Documents/GitHub/Sistemas-en-Chip/Practica5/software/contador_bsp/\libhal_bsp.a(alt_get_fd.o)
                0x0000000000009f80                alt_get_fd
 .text          0x000000000000a038       0x74 c:/Users/andre/Documents/GitHub/Sistemas-en-Chip/Practica5/software/contador_bsp/\libhal_bsp.a(alt_instruction_exception_entry.o)
                0x000000000000a038                alt_exception_cause_generated_bad_addr
 .text          0x000000000000a0ac        0x0 c:/intelfpga_lite/22.1std/nios2eds/bin/gnu/h-x86_64-mingw32/bin/../lib/gcc/nios2-elf/12.2.1/../../../../../H-x86_64-mingw32/nios2-elf/lib/mno-hw-mul\libsmallc.a(lib_a-exit.o)
 .text.exit     0x000000000000a0ac       0x20 c:/intelfpga_lite/22.1std/nios2eds/bin/gnu/h-x86_64-mingw32/bin/../lib/gcc/nios2-elf/12.2.1/../../../../../H-x86_64-mingw32/nios2-elf/lib/mno-hw-mul\libsmallc.a(lib_a-exit.o)
                0x000000000000a0ac                exit
 .text          0x000000000000a0cc        0x0 c:/intelfpga_lite/22.1std/nios2eds/bin/gnu/h-x86_64-mingw32/bin/../lib/gcc/nios2-elf/12.2.1/../../../../../H-x86_64-mingw32/nios2-elf/lib/mno-hw-mul\libsmallc.a(lib_a-memcmp.o)
 .text.memcmp   0x000000000000a0cc       0x30 c:/intelfpga_lite/22.1std/nios2eds/bin/gnu/h-x86_64-mingw32/bin/../lib/gcc/nios2-elf/12.2.1/../../../../../H-x86_64-mingw32/nios2-elf/lib/mno-hw-mul\libsmallc.a(lib_a-memcmp.o)
                0x000000000000a0cc                memcmp
 .text          0x000000000000a0fc        0x0 c:/intelfpga_lite/22.1std/nios2eds/bin/gnu/h-x86_64-mingw32/bin/../lib/gcc/nios2-elf/12.2.1/../../../../../H-x86_64-mingw32/nios2-elf/lib/mno-hw-mul\libsmallc.a(lib_a-__call_atexit.o)
 .text.__call_exitprocs
                0x000000000000a0fc      0x12c c:/intelfpga_lite/22.1std/nios2eds/bin/gnu/h-x86_64-mingw32/bin/../lib/gcc/nios2-elf/12.2.1/../../../../../H-x86_64-mingw32/nios2-elf/lib/mno-hw-mul\libsmallc.a(lib_a-__call_atexit.o)
                0x000000000000a0fc                __call_exitprocs
 .text          0x000000000000a228       0x3c c:/Users/andre/Documents/GitHub/Sistemas-en-Chip/Practica5/software/contador_bsp/\libhal_bsp.a(alt_exit.o)
                0x000000000000a228                _exit
 *(.gnu.warning.*)
 *(.fini)
                [!provide]                        PROVIDE (__etext = ABSOLUTE (.))
                [!provide]                        PROVIDE (_etext = ABSOLUTE (.))
                [!provide]                        PROVIDE (etext = ABSOLUTE (.))
 *(.eh_frame_hdr)
                0x000000000000a264                . = ALIGN (0x4)
                [!provide]                        PROVIDE (__preinit_array_start = ABSOLUTE (.))
 *(.preinit_array)
                [!provide]                        PROVIDE (__preinit_array_end = ABSOLUTE (.))
                [!provide]                        PROVIDE (__init_array_start = ABSOLUTE (.))
 *(.init_array)
                [!provide]                        PROVIDE (__init_array_end = ABSOLUTE (.))
                [!provide]                        PROVIDE (__fini_array_start = ABSOLUTE (.))
 *(.fini_array)
                [!provide]                        PROVIDE (__fini_array_end = ABSOLUTE (.))
 *(.eh_frame)
 *(.gcc_except_table .gcc_except_table.*)
 *(.dynamic)
                [!provide]                        PROVIDE (__CTOR_LIST__ = ABSOLUTE (.))
 *(.ctors)
 *(SORT_BY_NAME(.ctors.*))
                [!provide]                        PROVIDE (__CTOR_END__ = ABSOLUTE (.))
                [!provide]                        PROVIDE (__DTOR_LIST__ = ABSOLUTE (.))
 *(.dtors)
 *(SORT_BY_NAME(.dtors.*))
                [!provide]                        PROVIDE (__DTOR_END__ = ABSOLUTE (.))
 *(.jcr)
                0x000000000000a264                . = ALIGN (0x4)

.rodata         0x000000000000a264       0x40
                0x000000000000a264                PROVIDE (__ram_rodata_start = ABSOLUTE (.))
                0x000000000000a264                . = ALIGN (0x4)
 *(.rodata .rodata.* .gnu.linkonce.r.*)
 .rodata        0x000000000000a264       0x14 obj/default/main.o
 .rodata        0x000000000000a278        0xf c:/Users/andre/Documents/GitHub/Sistemas-en-Chip/Practica5/software/contador_bsp/\libhal_bsp.a(alt_main.o)
 *fill*         0x000000000000a287        0x1 
 .rodata        0x000000000000a288        0xf c:/Users/andre/Documents/GitHub/Sistemas-en-Chip/Practica5/software/contador_bsp/\libhal_bsp.a(alt_sys_init.o)
 *fill*         0x000000000000a297        0x1 
 .rodata        0x000000000000a298        0xa c:/Users/andre/Documents/GitHub/Sistemas-en-Chip/Practica5/software/contador_bsp/\libhal_bsp.a(alt_dev.o)
 *(.rodata1)
                0x000000000000a2a4                . = ALIGN (0x4)
 *fill*         0x000000000000a2a2        0x2 
                0x000000000000a2a4                PROVIDE (__ram_rodata_end = ABSOLUTE (.))
                0x000000000000a264                PROVIDE (__flash_rodata_start = LOADADDR (.rodata))

.rwdata         0x000000000000a2a4      0x2e4 load address 0x000000000000a588
                0x000000000000a2a4                PROVIDE (__ram_rwdata_start = ABSOLUTE (.))
                0x000000000000a2a4                . = ALIGN (0x4)
 *(.got.plt)
 *(.got)
 *(.data1)
 *(.data .data.* .gnu.linkonce.d.*)
 .data          0x000000000000a2a4        0x0 c:/Users/andre/Documents/GitHub/Sistemas-en-Chip/Practica5/software/contador_bsp//obj/HAL/src/crt0.o
 .data          0x000000000000a2a4        0x0 obj/default/main.o
 .data          0x000000000000a2a4        0x0 c:/intelfpga_lite/22.1std/nios2eds/bin/gnu/h-x86_64-mingw32/bin/../lib/gcc/nios2-elf/12.2.1/../../../../../H-x86_64-mingw32/nios2-elf/lib/mno-hw-mul\libsmallc.a(lib_a-printf.o)
 .data          0x000000000000a2a4        0x0 c:/intelfpga_lite/22.1std/nios2eds/bin/gnu/h-x86_64-mingw32/bin/../lib/gcc/nios2-elf/12.2.1/../../../../../H-x86_64-mingw32/nios2-elf/lib/mno-hw-mul\libsmallc.a(lib_a-vfprintf.o)
 .data          0x000000000000a2a4        0x0 c:/intelfpga_lite/22.1std/nios2eds/bin/gnu/h-x86_64-mingw32/bin/../lib/gcc/nios2-elf/12.2.1/../../../../../H-x86_64-mingw32/nios2-elf/lib/mno-hw-mul\libsmallc.a(lib_a-fvwrite_small_dev.o)
 .data          0x000000000000a2a4        0x0 c:/intelfpga_lite/22.1std/nios2eds/bin/gnu/h-x86_64-mingw32/bin/../lib/gcc/nios2-elf/12.2.1/../../../../../H-x86_64-mingw32/nios2-elf/lib/mno-hw-mul\libsmallc.a(lib_a-impure.o)
 .data.impure_data
                0x000000000000a2a4       0xe4 c:/intelfpga_lite/22.1std/nios2eds/bin/gnu/h-x86_64-mingw32/bin/../lib/gcc/nios2-elf/12.2.1/../../../../../H-x86_64-mingw32/nios2-elf/lib/mno-hw-mul\libsmallc.a(lib_a-impure.o)
 .data          0x000000000000a388        0x0 c:/intelfpga_lite/22.1std/nios2eds/bin/gnu/h-x86_64-mingw32/bin/../lib/gcc/nios2-elf/12.2.1/../../../../../H-x86_64-mingw32/nios2-elf/lib/mno-hw-mul\libsmallc.a(lib_a-strlen.o)
 .data          0x000000000000a388        0x0 c:/intelfpga_lite/22.1std/nios2eds/bin/gnu/h-x86_64-mingw32/bin/../lib/gcc/nios2-elf/12.2.1/../../../../../H-x86_64-mingw32/nios2-elf/lib/mno-hw-mul\libsmallc.a(lib_a-writer.o)
 .data          0x000000000000a388        0x0 c:/intelfpga_lite/22.1std/nios2eds/bin/gnu/h-x86_64-mingw32/bin/../lib/gcc/nios2-elf/12.2.1/../../../../../H-x86_64-mingw32/nios2-elf/lib/mno-hw-mul\libsmallc.a(lib_a-int_errno.o)
 .data          0x000000000000a388        0x0 c:/intelfpga_lite/22.1std/nios2eds/bin/gnu/h-x86_64-mingw32/bin/../lib/gcc/nios2-elf/12.2.1/mno-hw-mul\libgcc.a(lib2-divmod.o)
 .data          0x000000000000a388        0x0 c:/intelfpga_lite/22.1std/nios2eds/bin/gnu/h-x86_64-mingw32/bin/../lib/gcc/nios2-elf/12.2.1/mno-hw-mul\libgcc.a(lib2-mul.o)
 .data          0x000000000000a388        0x0 c:/Users/andre/Documents/GitHub/Sistemas-en-Chip/Practica5/software/contador_bsp/\libhal_bsp.a(alt_load.o)
 .data          0x000000000000a388        0x0 c:/Users/andre/Documents/GitHub/Sistemas-en-Chip/Practica5/software/contador_bsp/\libhal_bsp.a(alt_main.o)
 .data          0x000000000000a388        0x0 c:/Users/andre/Documents/GitHub/Sistemas-en-Chip/Practica5/software/contador_bsp/\libhal_bsp.a(alt_write.o)
 .data          0x000000000000a388       0x2c c:/Users/andre/Documents/GitHub/Sistemas-en-Chip/Practica5/software/contador_bsp/\libhal_bsp.a(alt_sys_init.o)
 .data          0x000000000000a3b4        0x0 c:/Users/andre/Documents/GitHub/Sistemas-en-Chip/Practica5/software/contador_bsp/\libhal_bsp.a(altera_avalon_jtag_uart_fd.o)
 .data          0x000000000000a3b4        0x0 c:/Users/andre/Documents/GitHub/Sistemas-en-Chip/Practica5/software/contador_bsp/\libhal_bsp.a(altera_avalon_jtag_uart_read.o)
 .data          0x000000000000a3b4        0x0 c:/Users/andre/Documents/GitHub/Sistemas-en-Chip/Practica5/software/contador_bsp/\libhal_bsp.a(altera_avalon_jtag_uart_write.o)
 .data          0x000000000000a3b4        0x0 c:/Users/andre/Documents/GitHub/Sistemas-en-Chip/Practica5/software/contador_bsp/\libhal_bsp.a(altera_avalon_timer_sc.o)
 .data          0x000000000000a3b4        0x0 c:/Users/andre/Documents/GitHub/Sistemas-en-Chip/Practica5/software/contador_bsp/\libhal_bsp.a(alt_close.o)
 .data          0x000000000000a3b4        0x0 c:/Users/andre/Documents/GitHub/Sistemas-en-Chip/Practica5/software/contador_bsp/\libhal_bsp.a(alt_dcache_flush_all.o)
 .data          0x000000000000a3b4      0x1a8 c:/Users/andre/Documents/GitHub/Sistemas-en-Chip/Practica5/software/contador_bsp/\libhal_bsp.a(alt_dev.o)
                0x000000000000a3b4                alt_dev_null
                0x000000000000a3dc                alt_fd_list
 .data          0x000000000000a55c        0x0 c:/Users/andre/Documents/GitHub/Sistemas-en-Chip/Practica5/software/contador_bsp/\libhal_bsp.a(alt_dev_llist_insert.o)
 .data          0x000000000000a55c        0x0 c:/Users/andre/Documents/GitHub/Sistemas-en-Chip/Practica5/software/contador_bsp/\libhal_bsp.a(alt_errno.o)
 .data          0x000000000000a55c        0x0 c:/Users/andre/Documents/GitHub/Sistemas-en-Chip/Practica5/software/contador_bsp/\libhal_bsp.a(alt_icache_flush_all.o)
 .data          0x000000000000a55c        0x0 c:/Users/andre/Documents/GitHub/Sistemas-en-Chip/Practica5/software/contador_bsp/\libhal_bsp.a(alt_iic.o)
 .data          0x000000000000a55c        0x0 c:/Users/andre/Documents/GitHub/Sistemas-en-Chip/Practica5/software/contador_bsp/\libhal_bsp.a(alt_iic_isr_register.o)
 .data          0x000000000000a55c        0x0 c:/Users/andre/Documents/GitHub/Sistemas-en-Chip/Practica5/software/contador_bsp/\libhal_bsp.a(alt_io_redirect.o)
 .data          0x000000000000a55c        0x0 c:/Users/andre/Documents/GitHub/Sistemas-en-Chip/Practica5/software/contador_bsp/\libhal_bsp.a(alt_irq_entry.o)
 .data          0x000000000000a55c        0x0 c:/Users/andre/Documents/GitHub/Sistemas-en-Chip/Practica5/software/contador_bsp/\libhal_bsp.a(alt_irq_handler.o)
 .data          0x000000000000a55c        0x0 c:/Users/andre/Documents/GitHub/Sistemas-en-Chip/Practica5/software/contador_bsp/\libhal_bsp.a(alt_irq_vars.o)
 .data          0x000000000000a55c        0x0 c:/Users/andre/Documents/GitHub/Sistemas-en-Chip/Practica5/software/contador_bsp/\libhal_bsp.a(alt_open.o)
 .data          0x000000000000a55c        0x0 c:/Users/andre/Documents/GitHub/Sistemas-en-Chip/Practica5/software/contador_bsp/\libhal_bsp.a(alt_release_fd.o)
 .data          0x000000000000a55c        0x0 c:/Users/andre/Documents/GitHub/Sistemas-en-Chip/Practica5/software/contador_bsp/\libhal_bsp.a(alt_tick.o)
 .data          0x000000000000a55c        0x0 c:/Users/andre/Documents/GitHub/Sistemas-en-Chip/Practica5/software/contador_bsp/\libhal_bsp.a(altera_nios2_gen2_irq.o)
 .data          0x000000000000a55c        0x0 c:/Users/andre/Documents/GitHub/Sistemas-en-Chip/Practica5/software/contador_bsp/\libhal_bsp.a(alt_exception_entry.o)
 .data          0x000000000000a55c        0x0 c:/Users/andre/Documents/GitHub/Sistemas-en-Chip/Practica5/software/contador_bsp/\libhal_bsp.a(alt_find_dev.o)
 .data          0x000000000000a55c        0x0 c:/Users/andre/Documents/GitHub/Sistemas-en-Chip/Practica5/software/contador_bsp/\libhal_bsp.a(alt_find_file.o)
 .data          0x000000000000a55c        0x0 c:/Users/andre/Documents/GitHub/Sistemas-en-Chip/Practica5/software/contador_bsp/\libhal_bsp.a(alt_get_fd.o)
 .data          0x000000000000a55c        0x0 c:/Users/andre/Documents/GitHub/Sistemas-en-Chip/Practica5/software/contador_bsp/\libhal_bsp.a(alt_instruction_exception_entry.o)
 .data          0x000000000000a55c        0x0 c:/intelfpga_lite/22.1std/nios2eds/bin/gnu/h-x86_64-mingw32/bin/../lib/gcc/nios2-elf/12.2.1/../../../../../H-x86_64-mingw32/nios2-elf/lib/mno-hw-mul\libsmallc.a(lib_a-exit.o)
 .data          0x000000000000a55c        0x0 c:/intelfpga_lite/22.1std/nios2eds/bin/gnu/h-x86_64-mingw32/bin/../lib/gcc/nios2-elf/12.2.1/../../../../../H-x86_64-mingw32/nios2-elf/lib/mno-hw-mul\libsmallc.a(lib_a-memcmp.o)
 .data          0x000000000000a55c        0x0 c:/intelfpga_lite/22.1std/nios2eds/bin/gnu/h-x86_64-mingw32/bin/../lib/gcc/nios2-elf/12.2.1/../../../../../H-x86_64-mingw32/nios2-elf/lib/mno-hw-mul\libsmallc.a(lib_a-__call_atexit.o)
 .data          0x000000000000a55c        0x0 c:/Users/andre/Documents/GitHub/Sistemas-en-Chip/Practica5/software/contador_bsp/\libhal_bsp.a(alt_exit.o)
                0x000000000001255c                _gp = ABSOLUTE ((. + 0x8000))
                [!provide]                        PROVIDE (gp = _gp)
 *(.rwdata .rwdata.*)
 *(.sdata .sdata.* .gnu.linkonce.s.*)
 .sdata._global_impure_ptr
                0x000000000000a55c        0x4 c:/intelfpga_lite/22.1std/nios2eds/bin/gnu/h-x86_64-mingw32/bin/../lib/gcc/nios2-elf/12.2.1/../../../../../H-x86_64-mingw32/nios2-elf/lib/mno-hw-mul\libsmallc.a(lib_a-impure.o)
                0x000000000000a55c                _global_impure_ptr
 .sdata._impure_ptr
                0x000000000000a560        0x4 c:/intelfpga_lite/22.1std/nios2eds/bin/gnu/h-x86_64-mingw32/bin/../lib/gcc/nios2-elf/12.2.1/../../../../../H-x86_64-mingw32/nios2-elf/lib/mno-hw-mul\libsmallc.a(lib_a-impure.o)
                0x000000000000a560                _impure_ptr
 .sdata         0x000000000000a564       0x14 c:/Users/andre/Documents/GitHub/Sistemas-en-Chip/Practica5/software/contador_bsp/\libhal_bsp.a(alt_dev.o)
                0x000000000000a564                alt_fs_list
                0x000000000000a56c                alt_dev_list
                0x000000000000a574                alt_max_fd
 .sdata         0x000000000000a578        0x4 c:/Users/andre/Documents/GitHub/Sistemas-en-Chip/Practica5/software/contador_bsp/\libhal_bsp.a(alt_errno.o)
                0x000000000000a578                alt_errno
 .sdata         0x000000000000a57c        0x4 c:/Users/andre/Documents/GitHub/Sistemas-en-Chip/Practica5/software/contador_bsp/\libhal_bsp.a(alt_irq_vars.o)
                0x000000000000a57c                alt_priority_mask
 .sdata         0x000000000000a580        0x8 c:/Users/andre/Documents/GitHub/Sistemas-en-Chip/Practica5/software/contador_bsp/\libhal_bsp.a(alt_tick.o)
                0x000000000000a580                alt_alarm_list
 *(.sdata2 .sdata2.* .gnu.linkonce.s2.*)
                0x000000000000a588                . = ALIGN (0x4)
                0x000000000000a588                _edata = ABSOLUTE (.)
                [!provide]                        PROVIDE (edata = ABSOLUTE (.))
                0x000000000000a588                PROVIDE (__ram_rwdata_end = ABSOLUTE (.))
                0x000000000000a588                PROVIDE (__flash_rwdata_start = LOADADDR (.rwdata))

.bss            0x000000000000a86c      0x124
                0x000000000000a86c                __bss_start = ABSOLUTE (.)
                [!provide]                        PROVIDE (__sbss_start = ABSOLUTE (.))
                [!provide]                        PROVIDE (___sbss_start = ABSOLUTE (.))
 *(.dynsbss)
 *(.sbss .sbss.* .gnu.linkonce.sb.*)
 .sbss.errno    0x000000000000a86c        0x4 c:/intelfpga_lite/22.1std/nios2eds/bin/gnu/h-x86_64-mingw32/bin/../lib/gcc/nios2-elf/12.2.1/../../../../../H-x86_64-mingw32/nios2-elf/lib/mno-hw-mul\libsmallc.a(lib_a-int_errno.o)
                0x000000000000a86c                errno
 .sbss          0x000000000000a870        0xc c:/Users/andre/Documents/GitHub/Sistemas-en-Chip/Practica5/software/contador_bsp/\libhal_bsp.a(alt_main.o)
                0x000000000000a870                alt_argc
                0x000000000000a874                alt_argv
                0x000000000000a878                alt_envp
 .sbss          0x000000000000a87c        0x4 c:/Users/andre/Documents/GitHub/Sistemas-en-Chip/Practica5/software/contador_bsp/\libhal_bsp.a(alt_irq_vars.o)
                0x000000000000a87c                alt_irq_active
 .sbss          0x000000000000a880        0xc c:/Users/andre/Documents/GitHub/Sistemas-en-Chip/Practica5/software/contador_bsp/\libhal_bsp.a(alt_tick.o)
                0x000000000000a880                _alt_tick_rate
                0x000000000000a884                _alt_nticks
 .sbss          0x000000000000a88c        0x4 c:/Users/andre/Documents/GitHub/Sistemas-en-Chip/Practica5/software/contador_bsp/\libhal_bsp.a(alt_instruction_exception_entry.o)
                0x000000000000a88c                alt_instruction_exception_handler
 *(.sbss2 .sbss2.* .gnu.linkonce.sb2.*)
 *(.scommon)
                [!provide]                        PROVIDE (__sbss_end = ABSOLUTE (.))
                [!provide]                        PROVIDE (___sbss_end = ABSOLUTE (.))
 *(.dynbss)
 *(.bss .bss.* .gnu.linkonce.b.*)
 .bss           0x000000000000a890        0x0 c:/Users/andre/Documents/GitHub/Sistemas-en-Chip/Practica5/software/contador_bsp//obj/HAL/src/crt0.o
 .bss           0x000000000000a890        0x0 obj/default/main.o
 .bss           0x000000000000a890        0x0 c:/intelfpga_lite/22.1std/nios2eds/bin/gnu/h-x86_64-mingw32/bin/../lib/gcc/nios2-elf/12.2.1/../../../../../H-x86_64-mingw32/nios2-elf/lib/mno-hw-mul\libsmallc.a(lib_a-printf.o)
 .bss           0x000000000000a890        0x0 c:/intelfpga_lite/22.1std/nios2eds/bin/gnu/h-x86_64-mingw32/bin/../lib/gcc/nios2-elf/12.2.1/../../../../../H-x86_64-mingw32/nios2-elf/lib/mno-hw-mul\libsmallc.a(lib_a-vfprintf.o)
 .bss           0x000000000000a890        0x0 c:/intelfpga_lite/22.1std/nios2eds/bin/gnu/h-x86_64-mingw32/bin/../lib/gcc/nios2-elf/12.2.1/../../../../../H-x86_64-mingw32/nios2-elf/lib/mno-hw-mul\libsmallc.a(lib_a-fvwrite_small_dev.o)
 .bss           0x000000000000a890        0x0 c:/intelfpga_lite/22.1std/nios2eds/bin/gnu/h-x86_64-mingw32/bin/../lib/gcc/nios2-elf/12.2.1/../../../../../H-x86_64-mingw32/nios2-elf/lib/mno-hw-mul\libsmallc.a(lib_a-impure.o)
 .bss           0x000000000000a890        0x0 c:/intelfpga_lite/22.1std/nios2eds/bin/gnu/h-x86_64-mingw32/bin/../lib/gcc/nios2-elf/12.2.1/../../../../../H-x86_64-mingw32/nios2-elf/lib/mno-hw-mul\libsmallc.a(lib_a-strlen.o)
 .bss           0x000000000000a890        0x0 c:/intelfpga_lite/22.1std/nios2eds/bin/gnu/h-x86_64-mingw32/bin/../lib/gcc/nios2-elf/12.2.1/../../../../../H-x86_64-mingw32/nios2-elf/lib/mno-hw-mul\libsmallc.a(lib_a-writer.o)
 .bss           0x000000000000a890        0x0 c:/intelfpga_lite/22.1std/nios2eds/bin/gnu/h-x86_64-mingw32/bin/../lib/gcc/nios2-elf/12.2.1/../../../../../H-x86_64-mingw32/nios2-elf/lib/mno-hw-mul\libsmallc.a(lib_a-int_errno.o)
 .bss           0x000000000000a890        0x0 c:/intelfpga_lite/22.1std/nios2eds/bin/gnu/h-x86_64-mingw32/bin/../lib/gcc/nios2-elf/12.2.1/mno-hw-mul\libgcc.a(lib2-divmod.o)
 .bss           0x000000000000a890        0x0 c:/intelfpga_lite/22.1std/nios2eds/bin/gnu/h-x86_64-mingw32/bin/../lib/gcc/nios2-elf/12.2.1/mno-hw-mul\libgcc.a(lib2-mul.o)
 .bss           0x000000000000a890        0x0 c:/Users/andre/Documents/GitHub/Sistemas-en-Chip/Practica5/software/contador_bsp/\libhal_bsp.a(alt_load.o)
 .bss           0x000000000000a890        0x0 c:/Users/andre/Documents/GitHub/Sistemas-en-Chip/Practica5/software/contador_bsp/\libhal_bsp.a(alt_main.o)
 .bss           0x000000000000a890        0x0 c:/Users/andre/Documents/GitHub/Sistemas-en-Chip/Practica5/software/contador_bsp/\libhal_bsp.a(alt_write.o)
 .bss           0x000000000000a890        0x0 c:/Users/andre/Documents/GitHub/Sistemas-en-Chip/Practica5/software/contador_bsp/\libhal_bsp.a(alt_sys_init.o)
 .bss           0x000000000000a890        0x0 c:/Users/andre/Documents/GitHub/Sistemas-en-Chip/Practica5/software/contador_bsp/\libhal_bsp.a(altera_avalon_jtag_uart_fd.o)
 .bss           0x000000000000a890        0x0 c:/Users/andre/Documents/GitHub/Sistemas-en-Chip/Practica5/software/contador_bsp/\libhal_bsp.a(altera_avalon_jtag_uart_read.o)
 .bss           0x000000000000a890        0x0 c:/Users/andre/Documents/GitHub/Sistemas-en-Chip/Practica5/software/contador_bsp/\libhal_bsp.a(altera_avalon_jtag_uart_write.o)
 .bss           0x000000000000a890        0x0 c:/Users/andre/Documents/GitHub/Sistemas-en-Chip/Practica5/software/contador_bsp/\libhal_bsp.a(altera_avalon_timer_sc.o)
 .bss           0x000000000000a890        0x0 c:/Users/andre/Documents/GitHub/Sistemas-en-Chip/Practica5/software/contador_bsp/\libhal_bsp.a(alt_close.o)
 .bss           0x000000000000a890        0x0 c:/Users/andre/Documents/GitHub/Sistemas-en-Chip/Practica5/software/contador_bsp/\libhal_bsp.a(alt_dcache_flush_all.o)
 .bss           0x000000000000a890        0x0 c:/Users/andre/Documents/GitHub/Sistemas-en-Chip/Practica5/software/contador_bsp/\libhal_bsp.a(alt_dev.o)
 .bss           0x000000000000a890        0x0 c:/Users/andre/Documents/GitHub/Sistemas-en-Chip/Practica5/software/contador_bsp/\libhal_bsp.a(alt_dev_llist_insert.o)
 .bss           0x000000000000a890        0x0 c:/Users/andre/Documents/GitHub/Sistemas-en-Chip/Practica5/software/contador_bsp/\libhal_bsp.a(alt_errno.o)
 .bss           0x000000000000a890        0x0 c:/Users/andre/Documents/GitHub/Sistemas-en-Chip/Practica5/software/contador_bsp/\libhal_bsp.a(alt_icache_flush_all.o)
 .bss           0x000000000000a890        0x0 c:/Users/andre/Documents/GitHub/Sistemas-en-Chip/Practica5/software/contador_bsp/\libhal_bsp.a(alt_iic.o)
 .bss           0x000000000000a890        0x0 c:/Users/andre/Documents/GitHub/Sistemas-en-Chip/Practica5/software/contador_bsp/\libhal_bsp.a(alt_iic_isr_register.o)
 .bss           0x000000000000a890        0x0 c:/Users/andre/Documents/GitHub/Sistemas-en-Chip/Practica5/software/contador_bsp/\libhal_bsp.a(alt_io_redirect.o)
 .bss           0x000000000000a890        0x0 c:/Users/andre/Documents/GitHub/Sistemas-en-Chip/Practica5/software/contador_bsp/\libhal_bsp.a(alt_irq_entry.o)
 .bss           0x000000000000a890      0x100 c:/Users/andre/Documents/GitHub/Sistemas-en-Chip/Practica5/software/contador_bsp/\libhal_bsp.a(alt_irq_handler.o)
                0x000000000000a890                alt_irq
 .bss           0x000000000000a990        0x0 c:/Users/andre/Documents/GitHub/Sistemas-en-Chip/Practica5/software/contador_bsp/\libhal_bsp.a(alt_irq_vars.o)
 .bss           0x000000000000a990        0x0 c:/Users/andre/Documents/GitHub/Sistemas-en-Chip/Practica5/software/contador_bsp/\libhal_bsp.a(alt_open.o)
 .bss           0x000000000000a990        0x0 c:/Users/andre/Documents/GitHub/Sistemas-en-Chip/Practica5/software/contador_bsp/\libhal_bsp.a(alt_release_fd.o)
 .bss           0x000000000000a990        0x0 c:/Users/andre/Documents/GitHub/Sistemas-en-Chip/Practica5/software/contador_bsp/\libhal_bsp.a(alt_tick.o)
 .bss           0x000000000000a990        0x0 c:/Users/andre/Documents/GitHub/Sistemas-en-Chip/Practica5/software/contador_bsp/\libhal_bsp.a(altera_nios2_gen2_irq.o)
 .bss           0x000000000000a990        0x0 c:/Users/andre/Documents/GitHub/Sistemas-en-Chip/Practica5/software/contador_bsp/\libhal_bsp.a(alt_exception_entry.o)
 .bss           0x000000000000a990        0x0 c:/Users/andre/Documents/GitHub/Sistemas-en-Chip/Practica5/software/contador_bsp/\libhal_bsp.a(alt_find_dev.o)
 .bss           0x000000000000a990        0x0 c:/Users/andre/Documents/GitHub/Sistemas-en-Chip/Practica5/software/contador_bsp/\libhal_bsp.a(alt_find_file.o)
 .bss           0x000000000000a990        0x0 c:/Users/andre/Documents/GitHub/Sistemas-en-Chip/Practica5/software/contador_bsp/\libhal_bsp.a(alt_get_fd.o)
 .bss           0x000000000000a990        0x0 c:/Users/andre/Documents/GitHub/Sistemas-en-Chip/Practica5/software/contador_bsp/\libhal_bsp.a(alt_instruction_exception_entry.o)
 .bss           0x000000000000a990        0x0 c:/intelfpga_lite/22.1std/nios2eds/bin/gnu/h-x86_64-mingw32/bin/../lib/gcc/nios2-elf/12.2.1/../../../../../H-x86_64-mingw32/nios2-elf/lib/mno-hw-mul\libsmallc.a(lib_a-exit.o)
 .bss           0x000000000000a990        0x0 c:/intelfpga_lite/22.1std/nios2eds/bin/gnu/h-x86_64-mingw32/bin/../lib/gcc/nios2-elf/12.2.1/../../../../../H-x86_64-mingw32/nios2-elf/lib/mno-hw-mul\libsmallc.a(lib_a-memcmp.o)
 .bss           0x000000000000a990        0x0 c:/intelfpga_lite/22.1std/nios2eds/bin/gnu/h-x86_64-mingw32/bin/../lib/gcc/nios2-elf/12.2.1/../../../../../H-x86_64-mingw32/nios2-elf/lib/mno-hw-mul\libsmallc.a(lib_a-__call_atexit.o)
 .bss           0x000000000000a990        0x0 c:/Users/andre/Documents/GitHub/Sistemas-en-Chip/Practica5/software/contador_bsp/\libhal_bsp.a(alt_exit.o)
 *(COMMON)
                0x000000000000a990                . = ALIGN (0x4)
                0x000000000000a990                __bss_end = ABSOLUTE (.)

.onchip_mem     0x000000000000a990        0x0
                [!provide]                        PROVIDE (_alt_partition_onchip_mem_start = ABSOLUTE (.))
 *(.onchip_mem .onchip_mem. onchip_mem.*)
                0x000000000000a990                . = ALIGN (0x4)
                [!provide]                        PROVIDE (_alt_partition_onchip_mem_end = ABSOLUTE (.))
                0x000000000000a990                _end = ABSOLUTE (.)
                0x000000000000a990                end = ABSOLUTE (.)
                0x000000000000a990                __alt_stack_base = ABSOLUTE (.)
                [!provide]                        PROVIDE (_alt_partition_onchip_mem_load_addr = LOADADDR (.onchip_mem))

.stab
 *(.stab)

.stabstr
 *(.stabstr)

.stab.excl
 *(.stab.excl)

.stab.exclstr
 *(.stab.exclstr)

.stab.index
 *(.stab.index)

.stab.indexstr
 *(.stab.indexstr)

.comment        0x0000000000000000       0x2d
 *(.comment)
 .comment       0x0000000000000000       0x2d obj/default/main.o
                                         0x2e (size before relaxing)
 .comment       0x000000000000002d       0x2e c:/intelfpga_lite/22.1std/nios2eds/bin/gnu/h-x86_64-mingw32/bin/../lib/gcc/nios2-elf/12.2.1/../../../../../H-x86_64-mingw32/nios2-elf/lib/mno-hw-mul\libsmallc.a(lib_a-printf.o)
 .comment       0x000000000000002d       0x2e c:/intelfpga_lite/22.1std/nios2eds/bin/gnu/h-x86_64-mingw32/bin/../lib/gcc/nios2-elf/12.2.1/../../../../../H-x86_64-mingw32/nios2-elf/lib/mno-hw-mul\libsmallc.a(lib_a-vfprintf.o)
 .comment       0x000000000000002d       0x2e c:/intelfpga_lite/22.1std/nios2eds/bin/gnu/h-x86_64-mingw32/bin/../lib/gcc/nios2-elf/12.2.1/../../../../../H-x86_64-mingw32/nios2-elf/lib/mno-hw-mul\libsmallc.a(lib_a-fvwrite_small_dev.o)
 .comment       0x000000000000002d       0x2e c:/intelfpga_lite/22.1std/nios2eds/bin/gnu/h-x86_64-mingw32/bin/../lib/gcc/nios2-elf/12.2.1/../../../../../H-x86_64-mingw32/nios2-elf/lib/mno-hw-mul\libsmallc.a(lib_a-impure.o)
 .comment       0x000000000000002d       0x2e c:/intelfpga_lite/22.1std/nios2eds/bin/gnu/h-x86_64-mingw32/bin/../lib/gcc/nios2-elf/12.2.1/../../../../../H-x86_64-mingw32/nios2-elf/lib/mno-hw-mul\libsmallc.a(lib_a-strlen.o)
 .comment       0x000000000000002d       0x2e c:/intelfpga_lite/22.1std/nios2eds/bin/gnu/h-x86_64-mingw32/bin/../lib/gcc/nios2-elf/12.2.1/../../../../../H-x86_64-mingw32/nios2-elf/lib/mno-hw-mul\libsmallc.a(lib_a-writer.o)
 .comment       0x000000000000002d       0x2e c:/intelfpga_lite/22.1std/nios2eds/bin/gnu/h-x86_64-mingw32/bin/../lib/gcc/nios2-elf/12.2.1/../../../../../H-x86_64-mingw32/nios2-elf/lib/mno-hw-mul\libsmallc.a(lib_a-int_errno.o)
 .comment       0x000000000000002d       0x2e c:/intelfpga_lite/22.1std/nios2eds/bin/gnu/h-x86_64-mingw32/bin/../lib/gcc/nios2-elf/12.2.1/mno-hw-mul\libgcc.a(lib2-divmod.o)
 .comment       0x000000000000002d       0x2e c:/intelfpga_lite/22.1std/nios2eds/bin/gnu/h-x86_64-mingw32/bin/../lib/gcc/nios2-elf/12.2.1/mno-hw-mul\libgcc.a(lib2-mul.o)
 .comment       0x000000000000002d       0x2e c:/Users/andre/Documents/GitHub/Sistemas-en-Chip/Practica5/software/contador_bsp/\libhal_bsp.a(alt_load.o)
 .comment       0x000000000000002d       0x2e c:/Users/andre/Documents/GitHub/Sistemas-en-Chip/Practica5/software/contador_bsp/\libhal_bsp.a(alt_main.o)
 .comment       0x000000000000002d       0x2e c:/Users/andre/Documents/GitHub/Sistemas-en-Chip/Practica5/software/contador_bsp/\libhal_bsp.a(alt_write.o)
 .comment       0x000000000000002d       0x2e c:/Users/andre/Documents/GitHub/Sistemas-en-Chip/Practica5/software/contador_bsp/\libhal_bsp.a(alt_sys_init.o)
 .comment       0x000000000000002d       0x2e c:/Users/andre/Documents/GitHub/Sistemas-en-Chip/Practica5/software/contador_bsp/\libhal_bsp.a(altera_avalon_jtag_uart_fd.o)
 .comment       0x000000000000002d       0x2e c:/Users/andre/Documents/GitHub/Sistemas-en-Chip/Practica5/software/contador_bsp/\libhal_bsp.a(altera_avalon_jtag_uart_read.o)
 .comment       0x000000000000002d       0x2e c:/Users/andre/Documents/GitHub/Sistemas-en-Chip/Practica5/software/contador_bsp/\libhal_bsp.a(altera_avalon_jtag_uart_write.o)
 .comment       0x000000000000002d       0x2e c:/Users/andre/Documents/GitHub/Sistemas-en-Chip/Practica5/software/contador_bsp/\libhal_bsp.a(altera_avalon_timer_sc.o)
 .comment       0x000000000000002d       0x2e c:/Users/andre/Documents/GitHub/Sistemas-en-Chip/Practica5/software/contador_bsp/\libhal_bsp.a(alt_close.o)
 .comment       0x000000000000002d       0x2e c:/Users/andre/Documents/GitHub/Sistemas-en-Chip/Practica5/software/contador_bsp/\libhal_bsp.a(alt_dcache_flush_all.o)
 .comment       0x000000000000002d       0x2e c:/Users/andre/Documents/GitHub/Sistemas-en-Chip/Practica5/software/contador_bsp/\libhal_bsp.a(alt_dev.o)
 .comment       0x000000000000002d       0x2e c:/Users/andre/Documents/GitHub/Sistemas-en-Chip/Practica5/software/contador_bsp/\libhal_bsp.a(alt_dev_llist_insert.o)
 .comment       0x000000000000002d       0x2e c:/Users/andre/Documents/GitHub/Sistemas-en-Chip/Practica5/software/contador_bsp/\libhal_bsp.a(alt_errno.o)
 .comment       0x000000000000002d       0x2e c:/Users/andre/Documents/GitHub/Sistemas-en-Chip/Practica5/software/contador_bsp/\libhal_bsp.a(alt_icache_flush_all.o)
 .comment       0x000000000000002d       0x2e c:/Users/andre/Documents/GitHub/Sistemas-en-Chip/Practica5/software/contador_bsp/\libhal_bsp.a(alt_iic.o)
 .comment       0x000000000000002d       0x2e c:/Users/andre/Documents/GitHub/Sistemas-en-Chip/Practica5/software/contador_bsp/\libhal_bsp.a(alt_iic_isr_register.o)
 .comment       0x000000000000002d       0x2e c:/Users/andre/Documents/GitHub/Sistemas-en-Chip/Practica5/software/contador_bsp/\libhal_bsp.a(alt_io_redirect.o)
 .comment       0x000000000000002d       0x2e c:/Users/andre/Documents/GitHub/Sistemas-en-Chip/Practica5/software/contador_bsp/\libhal_bsp.a(alt_irq_handler.o)
 .comment       0x000000000000002d       0x2e c:/Users/andre/Documents/GitHub/Sistemas-en-Chip/Practica5/software/contador_bsp/\libhal_bsp.a(alt_irq_vars.o)
 .comment       0x000000000000002d       0x2e c:/Users/andre/Documents/GitHub/Sistemas-en-Chip/Practica5/software/contador_bsp/\libhal_bsp.a(alt_open.o)
 .comment       0x000000000000002d       0x2e c:/Users/andre/Documents/GitHub/Sistemas-en-Chip/Practica5/software/contador_bsp/\libhal_bsp.a(alt_release_fd.o)
 .comment       0x000000000000002d       0x2e c:/Users/andre/Documents/GitHub/Sistemas-en-Chip/Practica5/software/contador_bsp/\libhal_bsp.a(alt_tick.o)
 .comment       0x000000000000002d       0x2e c:/Users/andre/Documents/GitHub/Sistemas-en-Chip/Practica5/software/contador_bsp/\libhal_bsp.a(altera_nios2_gen2_irq.o)
 .comment       0x000000000000002d       0x2e c:/Users/andre/Documents/GitHub/Sistemas-en-Chip/Practica5/software/contador_bsp/\libhal_bsp.a(alt_find_dev.o)
 .comment       0x000000000000002d       0x2e c:/Users/andre/Documents/GitHub/Sistemas-en-Chip/Practica5/software/contador_bsp/\libhal_bsp.a(alt_find_file.o)
 .comment       0x000000000000002d       0x2e c:/Users/andre/Documents/GitHub/Sistemas-en-Chip/Practica5/software/contador_bsp/\libhal_bsp.a(alt_get_fd.o)
 .comment       0x000000000000002d       0x2e c:/Users/andre/Documents/GitHub/Sistemas-en-Chip/Practica5/software/contador_bsp/\libhal_bsp.a(alt_instruction_exception_entry.o)
 .comment       0x000000000000002d       0x2e c:/intelfpga_lite/22.1std/nios2eds/bin/gnu/h-x86_64-mingw32/bin/../lib/gcc/nios2-elf/12.2.1/../../../../../H-x86_64-mingw32/nios2-elf/lib/mno-hw-mul\libsmallc.a(lib_a-exit.o)
 .comment       0x000000000000002d       0x2e c:/intelfpga_lite/22.1std/nios2eds/bin/gnu/h-x86_64-mingw32/bin/../lib/gcc/nios2-elf/12.2.1/../../../../../H-x86_64-mingw32/nios2-elf/lib/mno-hw-mul\libsmallc.a(lib_a-memcmp.o)
 .comment       0x000000000000002d       0x2e c:/intelfpga_lite/22.1std/nios2eds/bin/gnu/h-x86_64-mingw32/bin/../lib/gcc/nios2-elf/12.2.1/../../../../../H-x86_64-mingw32/nios2-elf/lib/mno-hw-mul\libsmallc.a(lib_a-__call_atexit.o)
 .comment       0x000000000000002d       0x2e c:/Users/andre/Documents/GitHub/Sistemas-en-Chip/Practica5/software/contador_bsp/\libhal_bsp.a(alt_exit.o)

.debug
 *(.debug)

.line
 *(.line)

.debug_srcinfo
 *(.debug_srcinfo)

.debug_sfnames
 *(.debug_sfnames)

.debug_aranges  0x0000000000000000      0x5a8
 *(.debug_aranges)
 .debug_aranges
                0x0000000000000000       0x28 c:/Users/andre/Documents/GitHub/Sistemas-en-Chip/Practica5/software/contador_bsp//obj/HAL/src/crt0.o
 .debug_aranges
                0x0000000000000028       0x20 obj/default/main.o
 .debug_aranges
                0x0000000000000048       0x28 c:/intelfpga_lite/22.1std/nios2eds/bin/gnu/h-x86_64-mingw32/bin/../lib/gcc/nios2-elf/12.2.1/../../../../../H-x86_64-mingw32/nios2-elf/lib/mno-hw-mul\libsmallc.a(lib_a-printf.o)
 .debug_aranges
                0x0000000000000070       0x30 c:/intelfpga_lite/22.1std/nios2eds/bin/gnu/h-x86_64-mingw32/bin/../lib/gcc/nios2-elf/12.2.1/../../../../../H-x86_64-mingw32/nios2-elf/lib/mno-hw-mul\libsmallc.a(lib_a-vfprintf.o)
 .debug_aranges
                0x00000000000000a0       0x20 c:/intelfpga_lite/22.1std/nios2eds/bin/gnu/h-x86_64-mingw32/bin/../lib/gcc/nios2-elf/12.2.1/../../../../../H-x86_64-mingw32/nios2-elf/lib/mno-hw-mul\libsmallc.a(lib_a-fvwrite_small_dev.o)
 .debug_aranges
                0x00000000000000c0       0x18 c:/intelfpga_lite/22.1std/nios2eds/bin/gnu/h-x86_64-mingw32/bin/../lib/gcc/nios2-elf/12.2.1/../../../../../H-x86_64-mingw32/nios2-elf/lib/mno-hw-mul\libsmallc.a(lib_a-impure.o)
 .debug_aranges
                0x00000000000000d8       0x20 c:/intelfpga_lite/22.1std/nios2eds/bin/gnu/h-x86_64-mingw32/bin/../lib/gcc/nios2-elf/12.2.1/../../../../../H-x86_64-mingw32/nios2-elf/lib/mno-hw-mul\libsmallc.a(lib_a-strlen.o)
 .debug_aranges
                0x00000000000000f8       0x20 c:/intelfpga_lite/22.1std/nios2eds/bin/gnu/h-x86_64-mingw32/bin/../lib/gcc/nios2-elf/12.2.1/../../../../../H-x86_64-mingw32/nios2-elf/lib/mno-hw-mul\libsmallc.a(lib_a-writer.o)
 .debug_aranges
                0x0000000000000118       0x18 c:/intelfpga_lite/22.1std/nios2eds/bin/gnu/h-x86_64-mingw32/bin/../lib/gcc/nios2-elf/12.2.1/../../../../../H-x86_64-mingw32/nios2-elf/lib/mno-hw-mul\libsmallc.a(lib_a-int_errno.o)
 .debug_aranges
                0x0000000000000130       0x20 c:/intelfpga_lite/22.1std/nios2eds/bin/gnu/h-x86_64-mingw32/bin/../lib/gcc/nios2-elf/12.2.1/mno-hw-mul\libgcc.a(lib2-divmod.o)
 .debug_aranges
                0x0000000000000150       0x20 c:/intelfpga_lite/22.1std/nios2eds/bin/gnu/h-x86_64-mingw32/bin/../lib/gcc/nios2-elf/12.2.1/mno-hw-mul\libgcc.a(lib2-mul.o)
 .debug_aranges
                0x0000000000000170       0x20 c:/Users/andre/Documents/GitHub/Sistemas-en-Chip/Practica5/software/contador_bsp/\libhal_bsp.a(alt_load.o)
 .debug_aranges
                0x0000000000000190       0x20 c:/Users/andre/Documents/GitHub/Sistemas-en-Chip/Practica5/software/contador_bsp/\libhal_bsp.a(alt_main.o)
 .debug_aranges
                0x00000000000001b0       0x20 c:/Users/andre/Documents/GitHub/Sistemas-en-Chip/Practica5/software/contador_bsp/\libhal_bsp.a(alt_write.o)
 .debug_aranges
                0x00000000000001d0       0x20 c:/Users/andre/Documents/GitHub/Sistemas-en-Chip/Practica5/software/contador_bsp/\libhal_bsp.a(alt_sys_init.o)
 .debug_aranges
                0x00000000000001f0       0x20 c:/Users/andre/Documents/GitHub/Sistemas-en-Chip/Practica5/software/contador_bsp/\libhal_bsp.a(altera_avalon_jtag_uart_fd.o)
 .debug_aranges
                0x0000000000000210       0x20 c:/Users/andre/Documents/GitHub/Sistemas-en-Chip/Practica5/software/contador_bsp/\libhal_bsp.a(altera_avalon_jtag_uart_read.o)
 .debug_aranges
                0x0000000000000230       0x20 c:/Users/andre/Documents/GitHub/Sistemas-en-Chip/Practica5/software/contador_bsp/\libhal_bsp.a(altera_avalon_jtag_uart_write.o)
 .debug_aranges
                0x0000000000000250       0x20 c:/Users/andre/Documents/GitHub/Sistemas-en-Chip/Practica5/software/contador_bsp/\libhal_bsp.a(altera_avalon_timer_sc.o)
 .debug_aranges
                0x0000000000000270       0x20 c:/Users/andre/Documents/GitHub/Sistemas-en-Chip/Practica5/software/contador_bsp/\libhal_bsp.a(alt_close.o)
 .debug_aranges
                0x0000000000000290       0x20 c:/Users/andre/Documents/GitHub/Sistemas-en-Chip/Practica5/software/contador_bsp/\libhal_bsp.a(alt_dcache_flush_all.o)
 .debug_aranges
                0x00000000000002b0       0x20 c:/Users/andre/Documents/GitHub/Sistemas-en-Chip/Practica5/software/contador_bsp/\libhal_bsp.a(alt_dev.o)
 .debug_aranges
                0x00000000000002d0       0x20 c:/Users/andre/Documents/GitHub/Sistemas-en-Chip/Practica5/software/contador_bsp/\libhal_bsp.a(alt_dev_llist_insert.o)
 .debug_aranges
                0x00000000000002f0       0x18 c:/Users/andre/Documents/GitHub/Sistemas-en-Chip/Practica5/software/contador_bsp/\libhal_bsp.a(alt_errno.o)
 .debug_aranges
                0x0000000000000308       0x20 c:/Users/andre/Documents/GitHub/Sistemas-en-Chip/Practica5/software/contador_bsp/\libhal_bsp.a(alt_icache_flush_all.o)
 .debug_aranges
                0x0000000000000328       0x20 c:/Users/andre/Documents/GitHub/Sistemas-en-Chip/Practica5/software/contador_bsp/\libhal_bsp.a(alt_iic.o)
 .debug_aranges
                0x0000000000000348       0x20 c:/Users/andre/Documents/GitHub/Sistemas-en-Chip/Practica5/software/contador_bsp/\libhal_bsp.a(alt_iic_isr_register.o)
 .debug_aranges
                0x0000000000000368       0x20 c:/Users/andre/Documents/GitHub/Sistemas-en-Chip/Practica5/software/contador_bsp/\libhal_bsp.a(alt_io_redirect.o)
 .debug_aranges
                0x0000000000000388       0x30 c:/Users/andre/Documents/GitHub/Sistemas-en-Chip/Practica5/software/contador_bsp/\libhal_bsp.a(alt_irq_entry.o)
 .debug_aranges
                0x00000000000003b8       0x20 c:/Users/andre/Documents/GitHub/Sistemas-en-Chip/Practica5/software/contador_bsp/\libhal_bsp.a(alt_irq_handler.o)
 .debug_aranges
                0x00000000000003d8       0x18 c:/Users/andre/Documents/GitHub/Sistemas-en-Chip/Practica5/software/contador_bsp/\libhal_bsp.a(alt_irq_vars.o)
 .debug_aranges
                0x00000000000003f0       0x20 c:/Users/andre/Documents/GitHub/Sistemas-en-Chip/Practica5/software/contador_bsp/\libhal_bsp.a(alt_open.o)
 .debug_aranges
                0x0000000000000410       0x20 c:/Users/andre/Documents/GitHub/Sistemas-en-Chip/Practica5/software/contador_bsp/\libhal_bsp.a(alt_release_fd.o)
 .debug_aranges
                0x0000000000000430       0x20 c:/Users/andre/Documents/GitHub/Sistemas-en-Chip/Practica5/software/contador_bsp/\libhal_bsp.a(alt_tick.o)
 .debug_aranges
                0x0000000000000450       0x20 c:/Users/andre/Documents/GitHub/Sistemas-en-Chip/Practica5/software/contador_bsp/\libhal_bsp.a(altera_nios2_gen2_irq.o)
 .debug_aranges
                0x0000000000000470       0x30 c:/Users/andre/Documents/GitHub/Sistemas-en-Chip/Practica5/software/contador_bsp/\libhal_bsp.a(alt_exception_entry.o)
 .debug_aranges
                0x00000000000004a0       0x20 c:/Users/andre/Documents/GitHub/Sistemas-en-Chip/Practica5/software/contador_bsp/\libhal_bsp.a(alt_find_dev.o)
 .debug_aranges
                0x00000000000004c0       0x20 c:/Users/andre/Documents/GitHub/Sistemas-en-Chip/Practica5/software/contador_bsp/\libhal_bsp.a(alt_find_file.o)
 .debug_aranges
                0x00000000000004e0       0x20 c:/Users/andre/Documents/GitHub/Sistemas-en-Chip/Practica5/software/contador_bsp/\libhal_bsp.a(alt_get_fd.o)
 .debug_aranges
                0x0000000000000500       0x28 c:/Users/andre/Documents/GitHub/Sistemas-en-Chip/Practica5/software/contador_bsp/\libhal_bsp.a(alt_instruction_exception_entry.o)
 .debug_aranges
                0x0000000000000528       0x20 c:/intelfpga_lite/22.1std/nios2eds/bin/gnu/h-x86_64-mingw32/bin/../lib/gcc/nios2-elf/12.2.1/../../../../../H-x86_64-mingw32/nios2-elf/lib/mno-hw-mul\libsmallc.a(lib_a-exit.o)
 .debug_aranges
                0x0000000000000548       0x20 c:/intelfpga_lite/22.1std/nios2eds/bin/gnu/h-x86_64-mingw32/bin/../lib/gcc/nios2-elf/12.2.1/../../../../../H-x86_64-mingw32/nios2-elf/lib/mno-hw-mul\libsmallc.a(lib_a-memcmp.o)
 .debug_aranges
                0x0000000000000568       0x20 c:/intelfpga_lite/22.1std/nios2eds/bin/gnu/h-x86_64-mingw32/bin/../lib/gcc/nios2-elf/12.2.1/../../../../../H-x86_64-mingw32/nios2-elf/lib/mno-hw-mul\libsmallc.a(lib_a-__call_atexit.o)
 .debug_aranges
                0x0000000000000588       0x20 c:/Users/andre/Documents/GitHub/Sistemas-en-Chip/Practica5/software/contador_bsp/\libhal_bsp.a(alt_exit.o)

.debug_pubnames
 *(.debug_pubnames)

.debug_info     0x0000000000000000     0x7b06
 *(.debug_info .gnu.linkonce.wi.*)
 .debug_info    0x0000000000000000       0x22 c:/Users/andre/Documents/GitHub/Sistemas-en-Chip/Practica5/software/contador_bsp//obj/HAL/src/crt0.o
 .debug_info    0x0000000000000022      0x128 obj/default/main.o
 .debug_info    0x000000000000014a      0x733 c:/intelfpga_lite/22.1std/nios2eds/bin/gnu/h-x86_64-mingw32/bin/../lib/gcc/nios2-elf/12.2.1/../../../../../H-x86_64-mingw32/nios2-elf/lib/mno-hw-mul\libsmallc.a(lib_a-printf.o)
 .debug_info    0x000000000000087d      0xe55 c:/intelfpga_lite/22.1std/nios2eds/bin/gnu/h-x86_64-mingw32/bin/../lib/gcc/nios2-elf/12.2.1/../../../../../H-x86_64-mingw32/nios2-elf/lib/mno-hw-mul\libsmallc.a(lib_a-vfprintf.o)
 .debug_info    0x00000000000016d2      0x691 c:/intelfpga_lite/22.1std/nios2eds/bin/gnu/h-x86_64-mingw32/bin/../lib/gcc/nios2-elf/12.2.1/../../../../../H-x86_64-mingw32/nios2-elf/lib/mno-hw-mul\libsmallc.a(lib_a-fvwrite_small_dev.o)
 .debug_info    0x0000000000001d63      0x5cf c:/intelfpga_lite/22.1std/nios2eds/bin/gnu/h-x86_64-mingw32/bin/../lib/gcc/nios2-elf/12.2.1/../../../../../H-x86_64-mingw32/nios2-elf/lib/mno-hw-mul\libsmallc.a(lib_a-impure.o)
 .debug_info    0x0000000000002332       0xd1 c:/intelfpga_lite/22.1std/nios2eds/bin/gnu/h-x86_64-mingw32/bin/../lib/gcc/nios2-elf/12.2.1/../../../../../H-x86_64-mingw32/nios2-elf/lib/mno-hw-mul\libsmallc.a(lib_a-strlen.o)
 .debug_info    0x0000000000002403      0x671 c:/intelfpga_lite/22.1std/nios2eds/bin/gnu/h-x86_64-mingw32/bin/../lib/gcc/nios2-elf/12.2.1/../../../../../H-x86_64-mingw32/nios2-elf/lib/mno-hw-mul\libsmallc.a(lib_a-writer.o)
 .debug_info    0x0000000000002a74       0x85 c:/intelfpga_lite/22.1std/nios2eds/bin/gnu/h-x86_64-mingw32/bin/../lib/gcc/nios2-elf/12.2.1/../../../../../H-x86_64-mingw32/nios2-elf/lib/mno-hw-mul\libsmallc.a(lib_a-int_errno.o)
 .debug_info    0x0000000000002af9      0x347 c:/intelfpga_lite/22.1std/nios2eds/bin/gnu/h-x86_64-mingw32/bin/../lib/gcc/nios2-elf/12.2.1/mno-hw-mul\libgcc.a(lib2-divmod.o)
 .debug_info    0x0000000000002e40       0xc4 c:/intelfpga_lite/22.1std/nios2eds/bin/gnu/h-x86_64-mingw32/bin/../lib/gcc/nios2-elf/12.2.1/mno-hw-mul\libgcc.a(lib2-mul.o)
 .debug_info    0x0000000000002f04      0x144 c:/Users/andre/Documents/GitHub/Sistemas-en-Chip/Practica5/software/contador_bsp/\libhal_bsp.a(alt_load.o)
 .debug_info    0x0000000000003048      0x174 c:/Users/andre/Documents/GitHub/Sistemas-en-Chip/Practica5/software/contador_bsp/\libhal_bsp.a(alt_main.o)
 .debug_info    0x00000000000031bc      0x54a c:/Users/andre/Documents/GitHub/Sistemas-en-Chip/Practica5/software/contador_bsp/\libhal_bsp.a(alt_write.o)
 .debug_info    0x0000000000003706      0x43c c:/Users/andre/Documents/GitHub/Sistemas-en-Chip/Practica5/software/contador_bsp/\libhal_bsp.a(alt_sys_init.o)
 .debug_info    0x0000000000003b42      0x3c9 c:/Users/andre/Documents/GitHub/Sistemas-en-Chip/Practica5/software/contador_bsp/\libhal_bsp.a(altera_avalon_jtag_uart_fd.o)
 .debug_info    0x0000000000003f0b      0x144 c:/Users/andre/Documents/GitHub/Sistemas-en-Chip/Practica5/software/contador_bsp/\libhal_bsp.a(altera_avalon_jtag_uart_read.o)
 .debug_info    0x000000000000404f      0x12b c:/Users/andre/Documents/GitHub/Sistemas-en-Chip/Practica5/software/contador_bsp/\libhal_bsp.a(altera_avalon_jtag_uart_write.o)
 .debug_info    0x000000000000417a      0x21d c:/Users/andre/Documents/GitHub/Sistemas-en-Chip/Practica5/software/contador_bsp/\libhal_bsp.a(altera_avalon_timer_sc.o)
 .debug_info    0x0000000000004397      0x32f c:/Users/andre/Documents/GitHub/Sistemas-en-Chip/Practica5/software/contador_bsp/\libhal_bsp.a(alt_close.o)
 .debug_info    0x00000000000046c6       0x8d c:/Users/andre/Documents/GitHub/Sistemas-en-Chip/Practica5/software/contador_bsp/\libhal_bsp.a(alt_dcache_flush_all.o)
 .debug_info    0x0000000000004753      0x567 c:/Users/andre/Documents/GitHub/Sistemas-en-Chip/Practica5/software/contador_bsp/\libhal_bsp.a(alt_dev.o)
 .debug_info    0x0000000000004cba      0x1a8 c:/Users/andre/Documents/GitHub/Sistemas-en-Chip/Practica5/software/contador_bsp/\libhal_bsp.a(alt_dev_llist_insert.o)
 .debug_info    0x0000000000004e62       0xa8 c:/Users/andre/Documents/GitHub/Sistemas-en-Chip/Practica5/software/contador_bsp/\libhal_bsp.a(alt_errno.o)
 .debug_info    0x0000000000004f0a       0x8d c:/Users/andre/Documents/GitHub/Sistemas-en-Chip/Practica5/software/contador_bsp/\libhal_bsp.a(alt_icache_flush_all.o)
 .debug_info    0x0000000000004f97      0x339 c:/Users/andre/Documents/GitHub/Sistemas-en-Chip/Practica5/software/contador_bsp/\libhal_bsp.a(alt_iic.o)
 .debug_info    0x00000000000052d0      0x218 c:/Users/andre/Documents/GitHub/Sistemas-en-Chip/Practica5/software/contador_bsp/\libhal_bsp.a(alt_iic_isr_register.o)
 .debug_info    0x00000000000054e8      0x561 c:/Users/andre/Documents/GitHub/Sistemas-en-Chip/Practica5/software/contador_bsp/\libhal_bsp.a(alt_io_redirect.o)
 .debug_info    0x0000000000005a49       0x22 c:/Users/andre/Documents/GitHub/Sistemas-en-Chip/Practica5/software/contador_bsp/\libhal_bsp.a(alt_irq_entry.o)
 .debug_info    0x0000000000005a6b      0x170 c:/Users/andre/Documents/GitHub/Sistemas-en-Chip/Practica5/software/contador_bsp/\libhal_bsp.a(alt_irq_handler.o)
 .debug_info    0x0000000000005bdb       0x88 c:/Users/andre/Documents/GitHub/Sistemas-en-Chip/Practica5/software/contador_bsp/\libhal_bsp.a(alt_irq_vars.o)
 .debug_info    0x0000000000005c63      0x415 c:/Users/andre/Documents/GitHub/Sistemas-en-Chip/Practica5/software/contador_bsp/\libhal_bsp.a(alt_open.o)
 .debug_info    0x0000000000006078      0x2ac c:/Users/andre/Documents/GitHub/Sistemas-en-Chip/Practica5/software/contador_bsp/\libhal_bsp.a(alt_release_fd.o)
 .debug_info    0x0000000000006324      0x29e c:/Users/andre/Documents/GitHub/Sistemas-en-Chip/Practica5/software/contador_bsp/\libhal_bsp.a(alt_tick.o)
 .debug_info    0x00000000000065c2       0x8d c:/Users/andre/Documents/GitHub/Sistemas-en-Chip/Practica5/software/contador_bsp/\libhal_bsp.a(altera_nios2_gen2_irq.o)
 .debug_info    0x000000000000664f       0x22 c:/Users/andre/Documents/GitHub/Sistemas-en-Chip/Practica5/software/contador_bsp/\libhal_bsp.a(alt_exception_entry.o)
 .debug_info    0x0000000000006671      0x323 c:/Users/andre/Documents/GitHub/Sistemas-en-Chip/Practica5/software/contador_bsp/\libhal_bsp.a(alt_find_dev.o)
 .debug_info    0x0000000000006994      0x324 c:/Users/andre/Documents/GitHub/Sistemas-en-Chip/Practica5/software/contador_bsp/\libhal_bsp.a(alt_find_file.o)
 .debug_info    0x0000000000006cb8      0x309 c:/Users/andre/Documents/GitHub/Sistemas-en-Chip/Practica5/software/contador_bsp/\libhal_bsp.a(alt_get_fd.o)
 .debug_info    0x0000000000006fc1      0x1e8 c:/Users/andre/Documents/GitHub/Sistemas-en-Chip/Practica5/software/contador_bsp/\libhal_bsp.a(alt_instruction_exception_entry.o)
 .debug_info    0x00000000000071a9       0xf6 c:/intelfpga_lite/22.1std/nios2eds/bin/gnu/h-x86_64-mingw32/bin/../lib/gcc/nios2-elf/12.2.1/../../../../../H-x86_64-mingw32/nios2-elf/lib/mno-hw-mul\libsmallc.a(lib_a-exit.o)
 .debug_info    0x000000000000729f       0xf9 c:/intelfpga_lite/22.1std/nios2eds/bin/gnu/h-x86_64-mingw32/bin/../lib/gcc/nios2-elf/12.2.1/../../../../../H-x86_64-mingw32/nios2-elf/lib/mno-hw-mul\libsmallc.a(lib_a-memcmp.o)
 .debug_info    0x0000000000007398      0x68c c:/intelfpga_lite/22.1std/nios2eds/bin/gnu/h-x86_64-mingw32/bin/../lib/gcc/nios2-elf/12.2.1/../../../../../H-x86_64-mingw32/nios2-elf/lib/mno-hw-mul\libsmallc.a(lib_a-__call_atexit.o)
 .debug_info    0x0000000000007a24       0xe2 c:/Users/andre/Documents/GitHub/Sistemas-en-Chip/Practica5/software/contador_bsp/\libhal_bsp.a(alt_exit.o)

.debug_abbrev   0x0000000000000000     0x2df0
 *(.debug_abbrev)
 .debug_abbrev  0x0000000000000000       0x12 c:/Users/andre/Documents/GitHub/Sistemas-en-Chip/Practica5/software/contador_bsp//obj/HAL/src/crt0.o
 .debug_abbrev  0x0000000000000012       0xed obj/default/main.o
 .debug_abbrev  0x00000000000000ff      0x21e c:/intelfpga_lite/22.1std/nios2eds/bin/gnu/h-x86_64-mingw32/bin/../lib/gcc/nios2-elf/12.2.1/../../../../../H-x86_64-mingw32/nios2-elf/lib/mno-hw-mul\libsmallc.a(lib_a-printf.o)
 .debug_abbrev  0x000000000000031d      0x2e6 c:/intelfpga_lite/22.1std/nios2eds/bin/gnu/h-x86_64-mingw32/bin/../lib/gcc/nios2-elf/12.2.1/../../../../../H-x86_64-mingw32/nios2-elf/lib/mno-hw-mul\libsmallc.a(lib_a-vfprintf.o)
 .debug_abbrev  0x0000000000000603      0x1fb c:/intelfpga_lite/22.1std/nios2eds/bin/gnu/h-x86_64-mingw32/bin/../lib/gcc/nios2-elf/12.2.1/../../../../../H-x86_64-mingw32/nios2-elf/lib/mno-hw-mul\libsmallc.a(lib_a-fvwrite_small_dev.o)
 .debug_abbrev  0x00000000000007fe      0x185 c:/intelfpga_lite/22.1std/nios2eds/bin/gnu/h-x86_64-mingw32/bin/../lib/gcc/nios2-elf/12.2.1/../../../../../H-x86_64-mingw32/nios2-elf/lib/mno-hw-mul\libsmallc.a(lib_a-impure.o)
 .debug_abbrev  0x0000000000000983       0x8c c:/intelfpga_lite/22.1std/nios2eds/bin/gnu/h-x86_64-mingw32/bin/../lib/gcc/nios2-elf/12.2.1/../../../../../H-x86_64-mingw32/nios2-elf/lib/mno-hw-mul\libsmallc.a(lib_a-strlen.o)
 .debug_abbrev  0x0000000000000a0f      0x1e0 c:/intelfpga_lite/22.1std/nios2eds/bin/gnu/h-x86_64-mingw32/bin/../lib/gcc/nios2-elf/12.2.1/../../../../../H-x86_64-mingw32/nios2-elf/lib/mno-hw-mul\libsmallc.a(lib_a-writer.o)
 .debug_abbrev  0x0000000000000bef       0x39 c:/intelfpga_lite/22.1std/nios2eds/bin/gnu/h-x86_64-mingw32/bin/../lib/gcc/nios2-elf/12.2.1/../../../../../H-x86_64-mingw32/nios2-elf/lib/mno-hw-mul\libsmallc.a(lib_a-int_errno.o)
 .debug_abbrev  0x0000000000000c28      0x10c c:/intelfpga_lite/22.1std/nios2eds/bin/gnu/h-x86_64-mingw32/bin/../lib/gcc/nios2-elf/12.2.1/mno-hw-mul\libgcc.a(lib2-divmod.o)
 .debug_abbrev  0x0000000000000d34       0x80 c:/intelfpga_lite/22.1std/nios2eds/bin/gnu/h-x86_64-mingw32/bin/../lib/gcc/nios2-elf/12.2.1/mno-hw-mul\libgcc.a(lib2-mul.o)
 .debug_abbrev  0x0000000000000db4       0xc2 c:/Users/andre/Documents/GitHub/Sistemas-en-Chip/Practica5/software/contador_bsp/\libhal_bsp.a(alt_load.o)
 .debug_abbrev  0x0000000000000e76       0xf3 c:/Users/andre/Documents/GitHub/Sistemas-en-Chip/Practica5/software/contador_bsp/\libhal_bsp.a(alt_main.o)
 .debug_abbrev  0x0000000000000f69      0x149 c:/Users/andre/Documents/GitHub/Sistemas-en-Chip/Practica5/software/contador_bsp/\libhal_bsp.a(alt_write.o)
 .debug_abbrev  0x00000000000010b2      0x1ab c:/Users/andre/Documents/GitHub/Sistemas-en-Chip/Practica5/software/contador_bsp/\libhal_bsp.a(alt_sys_init.o)
 .debug_abbrev  0x000000000000125d      0x128 c:/Users/andre/Documents/GitHub/Sistemas-en-Chip/Practica5/software/contador_bsp/\libhal_bsp.a(altera_avalon_jtag_uart_fd.o)
 .debug_abbrev  0x0000000000001385       0xd2 c:/Users/andre/Documents/GitHub/Sistemas-en-Chip/Practica5/software/contador_bsp/\libhal_bsp.a(altera_avalon_jtag_uart_read.o)
 .debug_abbrev  0x0000000000001457       0xd0 c:/Users/andre/Documents/GitHub/Sistemas-en-Chip/Practica5/software/contador_bsp/\libhal_bsp.a(altera_avalon_jtag_uart_write.o)
 .debug_abbrev  0x0000000000001527      0x18f c:/Users/andre/Documents/GitHub/Sistemas-en-Chip/Practica5/software/contador_bsp/\libhal_bsp.a(altera_avalon_timer_sc.o)
 .debug_abbrev  0x00000000000016b6      0x147 c:/Users/andre/Documents/GitHub/Sistemas-en-Chip/Practica5/software/contador_bsp/\libhal_bsp.a(alt_close.o)
 .debug_abbrev  0x00000000000017fd       0x43 c:/Users/andre/Documents/GitHub/Sistemas-en-Chip/Practica5/software/contador_bsp/\libhal_bsp.a(alt_dcache_flush_all.o)
 .debug_abbrev  0x0000000000001840      0x11b c:/Users/andre/Documents/GitHub/Sistemas-en-Chip/Practica5/software/contador_bsp/\libhal_bsp.a(alt_dev.o)
 .debug_abbrev  0x000000000000195b      0x12b c:/Users/andre/Documents/GitHub/Sistemas-en-Chip/Practica5/software/contador_bsp/\libhal_bsp.a(alt_dev_llist_insert.o)
 .debug_abbrev  0x0000000000001a86       0x70 c:/Users/andre/Documents/GitHub/Sistemas-en-Chip/Practica5/software/contador_bsp/\libhal_bsp.a(alt_errno.o)
 .debug_abbrev  0x0000000000001af6       0x43 c:/Users/andre/Documents/GitHub/Sistemas-en-Chip/Practica5/software/contador_bsp/\libhal_bsp.a(alt_icache_flush_all.o)
 .debug_abbrev  0x0000000000001b39      0x1a9 c:/Users/andre/Documents/GitHub/Sistemas-en-Chip/Practica5/software/contador_bsp/\libhal_bsp.a(alt_iic.o)
 .debug_abbrev  0x0000000000001ce2      0x199 c:/Users/andre/Documents/GitHub/Sistemas-en-Chip/Practica5/software/contador_bsp/\libhal_bsp.a(alt_iic_isr_register.o)
 .debug_abbrev  0x0000000000001e7b      0x157 c:/Users/andre/Documents/GitHub/Sistemas-en-Chip/Practica5/software/contador_bsp/\libhal_bsp.a(alt_io_redirect.o)
 .debug_abbrev  0x0000000000001fd2       0x12 c:/Users/andre/Documents/GitHub/Sistemas-en-Chip/Practica5/software/contador_bsp/\libhal_bsp.a(alt_irq_entry.o)
 .debug_abbrev  0x0000000000001fe4      0x12f c:/Users/andre/Documents/GitHub/Sistemas-en-Chip/Practica5/software/contador_bsp/\libhal_bsp.a(alt_irq_handler.o)
 .debug_abbrev  0x0000000000002113       0x46 c:/Users/andre/Documents/GitHub/Sistemas-en-Chip/Practica5/software/contador_bsp/\libhal_bsp.a(alt_irq_vars.o)
 .debug_abbrev  0x0000000000002159      0x191 c:/Users/andre/Documents/GitHub/Sistemas-en-Chip/Practica5/software/contador_bsp/\libhal_bsp.a(alt_open.o)
 .debug_abbrev  0x00000000000022ea       0xea c:/Users/andre/Documents/GitHub/Sistemas-en-Chip/Practica5/software/contador_bsp/\libhal_bsp.a(alt_release_fd.o)
 .debug_abbrev  0x00000000000023d4      0x17f c:/Users/andre/Documents/GitHub/Sistemas-en-Chip/Practica5/software/contador_bsp/\libhal_bsp.a(alt_tick.o)
 .debug_abbrev  0x0000000000002553       0x43 c:/Users/andre/Documents/GitHub/Sistemas-en-Chip/Practica5/software/contador_bsp/\libhal_bsp.a(altera_nios2_gen2_irq.o)
 .debug_abbrev  0x0000000000002596       0x12 c:/Users/andre/Documents/GitHub/Sistemas-en-Chip/Practica5/software/contador_bsp/\libhal_bsp.a(alt_exception_entry.o)
 .debug_abbrev  0x00000000000025a8      0x10c c:/Users/andre/Documents/GitHub/Sistemas-en-Chip/Practica5/software/contador_bsp/\libhal_bsp.a(alt_find_dev.o)
 .debug_abbrev  0x00000000000026b4      0x11d c:/Users/andre/Documents/GitHub/Sistemas-en-Chip/Practica5/software/contador_bsp/\libhal_bsp.a(alt_find_file.o)
 .debug_abbrev  0x00000000000027d1      0x124 c:/Users/andre/Documents/GitHub/Sistemas-en-Chip/Practica5/software/contador_bsp/\libhal_bsp.a(alt_get_fd.o)
 .debug_abbrev  0x00000000000028f5       0xed c:/Users/andre/Documents/GitHub/Sistemas-en-Chip/Practica5/software/contador_bsp/\libhal_bsp.a(alt_instruction_exception_entry.o)
 .debug_abbrev  0x00000000000029e2       0xb2 c:/intelfpga_lite/22.1std/nios2eds/bin/gnu/h-x86_64-mingw32/bin/../lib/gcc/nios2-elf/12.2.1/../../../../../H-x86_64-mingw32/nios2-elf/lib/mno-hw-mul\libsmallc.a(lib_a-exit.o)
 .debug_abbrev  0x0000000000002a94       0xa1 c:/intelfpga_lite/22.1std/nios2eds/bin/gnu/h-x86_64-mingw32/bin/../lib/gcc/nios2-elf/12.2.1/../../../../../H-x86_64-mingw32/nios2-elf/lib/mno-hw-mul\libsmallc.a(lib_a-memcmp.o)
 .debug_abbrev  0x0000000000002b35      0x210 c:/intelfpga_lite/22.1std/nios2eds/bin/gnu/h-x86_64-mingw32/bin/../lib/gcc/nios2-elf/12.2.1/../../../../../H-x86_64-mingw32/nios2-elf/lib/mno-hw-mul\libsmallc.a(lib_a-__call_atexit.o)
 .debug_abbrev  0x0000000000002d45       0xab c:/Users/andre/Documents/GitHub/Sistemas-en-Chip/Practica5/software/contador_bsp/\libhal_bsp.a(alt_exit.o)

.debug_line     0x0000000000000000     0x2349
 *(.debug_line)
 .debug_line    0x0000000000000000       0x66 c:/Users/andre/Documents/GitHub/Sistemas-en-Chip/Practica5/software/contador_bsp//obj/HAL/src/crt0.o
 .debug_line    0x0000000000000066       0x7d obj/default/main.o
 .debug_line    0x00000000000000e3       0xd4 c:/intelfpga_lite/22.1std/nios2eds/bin/gnu/h-x86_64-mingw32/bin/../lib/gcc/nios2-elf/12.2.1/../../../../../H-x86_64-mingw32/nios2-elf/lib/mno-hw-mul\libsmallc.a(lib_a-printf.o)
 .debug_line    0x00000000000001b7      0x586 c:/intelfpga_lite/22.1std/nios2eds/bin/gnu/h-x86_64-mingw32/bin/../lib/gcc/nios2-elf/12.2.1/../../../../../H-x86_64-mingw32/nios2-elf/lib/mno-hw-mul\libsmallc.a(lib_a-vfprintf.o)
 .debug_line    0x000000000000073d       0xd7 c:/intelfpga_lite/22.1std/nios2eds/bin/gnu/h-x86_64-mingw32/bin/../lib/gcc/nios2-elf/12.2.1/../../../../../H-x86_64-mingw32/nios2-elf/lib/mno-hw-mul\libsmallc.a(lib_a-fvwrite_small_dev.o)
 .debug_line    0x0000000000000814       0x51 c:/intelfpga_lite/22.1std/nios2eds/bin/gnu/h-x86_64-mingw32/bin/../lib/gcc/nios2-elf/12.2.1/../../../../../H-x86_64-mingw32/nios2-elf/lib/mno-hw-mul\libsmallc.a(lib_a-impure.o)
 .debug_line    0x0000000000000865       0x7c c:/intelfpga_lite/22.1std/nios2eds/bin/gnu/h-x86_64-mingw32/bin/../lib/gcc/nios2-elf/12.2.1/../../../../../H-x86_64-mingw32/nios2-elf/lib/mno-hw-mul\libsmallc.a(lib_a-strlen.o)
 .debug_line    0x00000000000008e1       0xae c:/intelfpga_lite/22.1std/nios2eds/bin/gnu/h-x86_64-mingw32/bin/../lib/gcc/nios2-elf/12.2.1/../../../../../H-x86_64-mingw32/nios2-elf/lib/mno-hw-mul\libsmallc.a(lib_a-writer.o)
 .debug_line    0x000000000000098f       0x3a c:/intelfpga_lite/22.1std/nios2eds/bin/gnu/h-x86_64-mingw32/bin/../lib/gcc/nios2-elf/12.2.1/../../../../../H-x86_64-mingw32/nios2-elf/lib/mno-hw-mul\libsmallc.a(lib_a-int_errno.o)
 .debug_line    0x00000000000009c9      0x2e3 c:/intelfpga_lite/22.1std/nios2eds/bin/gnu/h-x86_64-mingw32/bin/../lib/gcc/nios2-elf/12.2.1/mno-hw-mul\libgcc.a(lib2-divmod.o)
 .debug_line    0x0000000000000cac       0x88 c:/intelfpga_lite/22.1std/nios2eds/bin/gnu/h-x86_64-mingw32/bin/../lib/gcc/nios2-elf/12.2.1/mno-hw-mul\libgcc.a(lib2-mul.o)
 .debug_line    0x0000000000000d34       0x8f c:/Users/andre/Documents/GitHub/Sistemas-en-Chip/Practica5/software/contador_bsp/\libhal_bsp.a(alt_load.o)
 .debug_line    0x0000000000000dc3       0x91 c:/Users/andre/Documents/GitHub/Sistemas-en-Chip/Practica5/software/contador_bsp/\libhal_bsp.a(alt_main.o)
 .debug_line    0x0000000000000e54      0x139 c:/Users/andre/Documents/GitHub/Sistemas-en-Chip/Practica5/software/contador_bsp/\libhal_bsp.a(alt_write.o)
 .debug_line    0x0000000000000f8d       0xaf c:/Users/andre/Documents/GitHub/Sistemas-en-Chip/Practica5/software/contador_bsp/\libhal_bsp.a(alt_sys_init.o)
 .debug_line    0x000000000000103c       0x8a c:/Users/andre/Documents/GitHub/Sistemas-en-Chip/Practica5/software/contador_bsp/\libhal_bsp.a(altera_avalon_jtag_uart_fd.o)
 .debug_line    0x00000000000010c6       0xa4 c:/Users/andre/Documents/GitHub/Sistemas-en-Chip/Practica5/software/contador_bsp/\libhal_bsp.a(altera_avalon_jtag_uart_read.o)
 .debug_line    0x000000000000116a       0x7e c:/Users/andre/Documents/GitHub/Sistemas-en-Chip/Practica5/software/contador_bsp/\libhal_bsp.a(altera_avalon_jtag_uart_write.o)
 .debug_line    0x00000000000011e8       0xb1 c:/Users/andre/Documents/GitHub/Sistemas-en-Chip/Practica5/software/contador_bsp/\libhal_bsp.a(altera_avalon_timer_sc.o)
 .debug_line    0x0000000000001299      0x117 c:/Users/andre/Documents/GitHub/Sistemas-en-Chip/Practica5/software/contador_bsp/\libhal_bsp.a(alt_close.o)
 .debug_line    0x00000000000013b0       0x4e c:/Users/andre/Documents/GitHub/Sistemas-en-Chip/Practica5/software/contador_bsp/\libhal_bsp.a(alt_dcache_flush_all.o)
 .debug_line    0x00000000000013fe       0x99 c:/Users/andre/Documents/GitHub/Sistemas-en-Chip/Practica5/software/contador_bsp/\libhal_bsp.a(alt_dev.o)
 .debug_line    0x0000000000001497       0xca c:/Users/andre/Documents/GitHub/Sistemas-en-Chip/Practica5/software/contador_bsp/\libhal_bsp.a(alt_dev_llist_insert.o)
 .debug_line    0x0000000000001561       0x4c c:/Users/andre/Documents/GitHub/Sistemas-en-Chip/Practica5/software/contador_bsp/\libhal_bsp.a(alt_errno.o)
 .debug_line    0x00000000000015ad       0x4c c:/Users/andre/Documents/GitHub/Sistemas-en-Chip/Practica5/software/contador_bsp/\libhal_bsp.a(alt_icache_flush_all.o)
 .debug_line    0x00000000000015f9       0xf4 c:/Users/andre/Documents/GitHub/Sistemas-en-Chip/Practica5/software/contador_bsp/\libhal_bsp.a(alt_iic.o)
 .debug_line    0x00000000000016ed       0xbc c:/Users/andre/Documents/GitHub/Sistemas-en-Chip/Practica5/software/contador_bsp/\libhal_bsp.a(alt_iic_isr_register.o)
 .debug_line    0x00000000000017a9       0xc9 c:/Users/andre/Documents/GitHub/Sistemas-en-Chip/Practica5/software/contador_bsp/\libhal_bsp.a(alt_io_redirect.o)
 .debug_line    0x0000000000001872       0x6b c:/Users/andre/Documents/GitHub/Sistemas-en-Chip/Practica5/software/contador_bsp/\libhal_bsp.a(alt_irq_entry.o)
 .debug_line    0x00000000000018dd       0xb4 c:/Users/andre/Documents/GitHub/Sistemas-en-Chip/Practica5/software/contador_bsp/\libhal_bsp.a(alt_irq_handler.o)
 .debug_line    0x0000000000001991       0x43 c:/Users/andre/Documents/GitHub/Sistemas-en-Chip/Practica5/software/contador_bsp/\libhal_bsp.a(alt_irq_vars.o)
 .debug_line    0x00000000000019d4      0x159 c:/Users/andre/Documents/GitHub/Sistemas-en-Chip/Practica5/software/contador_bsp/\libhal_bsp.a(alt_open.o)
 .debug_line    0x0000000000001b2d       0x77 c:/Users/andre/Documents/GitHub/Sistemas-en-Chip/Practica5/software/contador_bsp/\libhal_bsp.a(alt_release_fd.o)
 .debug_line    0x0000000000001ba4       0xf2 c:/Users/andre/Documents/GitHub/Sistemas-en-Chip/Practica5/software/contador_bsp/\libhal_bsp.a(alt_tick.o)
 .debug_line    0x0000000000001c96       0x51 c:/Users/andre/Documents/GitHub/Sistemas-en-Chip/Practica5/software/contador_bsp/\libhal_bsp.a(altera_nios2_gen2_irq.o)
 .debug_line    0x0000000000001ce7       0x9d c:/Users/andre/Documents/GitHub/Sistemas-en-Chip/Practica5/software/contador_bsp/\libhal_bsp.a(alt_exception_entry.o)
 .debug_line    0x0000000000001d84       0xa1 c:/Users/andre/Documents/GitHub/Sistemas-en-Chip/Practica5/software/contador_bsp/\libhal_bsp.a(alt_find_dev.o)
 .debug_line    0x0000000000001e25       0xd7 c:/Users/andre/Documents/GitHub/Sistemas-en-Chip/Practica5/software/contador_bsp/\libhal_bsp.a(alt_find_file.o)
 .debug_line    0x0000000000001efc       0xb3 c:/Users/andre/Documents/GitHub/Sistemas-en-Chip/Practica5/software/contador_bsp/\libhal_bsp.a(alt_get_fd.o)
 .debug_line    0x0000000000001faf       0x9b c:/Users/andre/Documents/GitHub/Sistemas-en-Chip/Practica5/software/contador_bsp/\libhal_bsp.a(alt_instruction_exception_entry.o)
 .debug_line    0x000000000000204a       0x7b c:/intelfpga_lite/22.1std/nios2eds/bin/gnu/h-x86_64-mingw32/bin/../lib/gcc/nios2-elf/12.2.1/../../../../../H-x86_64-mingw32/nios2-elf/lib/mno-hw-mul\libsmallc.a(lib_a-exit.o)
 .debug_line    0x00000000000020c5       0x8f c:/intelfpga_lite/22.1std/nios2eds/bin/gnu/h-x86_64-mingw32/bin/../lib/gcc/nios2-elf/12.2.1/../../../../../H-x86_64-mingw32/nios2-elf/lib/mno-hw-mul\libsmallc.a(lib_a-memcmp.o)
 .debug_line    0x0000000000002154      0x17b c:/intelfpga_lite/22.1std/nios2eds/bin/gnu/h-x86_64-mingw32/bin/../lib/gcc/nios2-elf/12.2.1/../../../../../H-x86_64-mingw32/nios2-elf/lib/mno-hw-mul\libsmallc.a(lib_a-__call_atexit.o)
 .debug_line    0x00000000000022cf       0x7a c:/Users/andre/Documents/GitHub/Sistemas-en-Chip/Practica5/software/contador_bsp/\libhal_bsp.a(alt_exit.o)

.debug_frame    0x0000000000000000      0xaa4
 *(.debug_frame)
 .debug_frame   0x0000000000000000       0x50 obj/default/main.o
 .debug_frame   0x0000000000000050       0x48 c:/intelfpga_lite/22.1std/nios2eds/bin/gnu/h-x86_64-mingw32/bin/../lib/gcc/nios2-elf/12.2.1/../../../../../H-x86_64-mingw32/nios2-elf/lib/mno-hw-mul\libsmallc.a(lib_a-printf.o)
 .debug_frame   0x0000000000000098       0x90 c:/intelfpga_lite/22.1std/nios2eds/bin/gnu/h-x86_64-mingw32/bin/../lib/gcc/nios2-elf/12.2.1/../../../../../H-x86_64-mingw32/nios2-elf/lib/mno-hw-mul\libsmallc.a(lib_a-vfprintf.o)
 .debug_frame   0x0000000000000128       0x3c c:/intelfpga_lite/22.1std/nios2eds/bin/gnu/h-x86_64-mingw32/bin/../lib/gcc/nios2-elf/12.2.1/../../../../../H-x86_64-mingw32/nios2-elf/lib/mno-hw-mul\libsmallc.a(lib_a-fvwrite_small_dev.o)
 .debug_frame   0x0000000000000164       0x20 c:/intelfpga_lite/22.1std/nios2eds/bin/gnu/h-x86_64-mingw32/bin/../lib/gcc/nios2-elf/12.2.1/../../../../../H-x86_64-mingw32/nios2-elf/lib/mno-hw-mul\libsmallc.a(lib_a-strlen.o)
 .debug_frame   0x0000000000000184       0x30 c:/intelfpga_lite/22.1std/nios2eds/bin/gnu/h-x86_64-mingw32/bin/../lib/gcc/nios2-elf/12.2.1/../../../../../H-x86_64-mingw32/nios2-elf/lib/mno-hw-mul\libsmallc.a(lib_a-writer.o)
 .debug_frame   0x00000000000001b4       0x50 c:/intelfpga_lite/22.1std/nios2eds/bin/gnu/h-x86_64-mingw32/bin/../lib/gcc/nios2-elf/12.2.1/mno-hw-mul\libgcc.a(lib2-divmod.o)
 .debug_frame   0x0000000000000204       0x20 c:/intelfpga_lite/22.1std/nios2eds/bin/gnu/h-x86_64-mingw32/bin/../lib/gcc/nios2-elf/12.2.1/mno-hw-mul\libgcc.a(lib2-mul.o)
 .debug_frame   0x0000000000000224       0x5c c:/Users/andre/Documents/GitHub/Sistemas-en-Chip/Practica5/software/contador_bsp/\libhal_bsp.a(alt_load.o)
 .debug_frame   0x0000000000000280       0x2c c:/Users/andre/Documents/GitHub/Sistemas-en-Chip/Practica5/software/contador_bsp/\libhal_bsp.a(alt_main.o)
 .debug_frame   0x00000000000002ac       0x60 c:/Users/andre/Documents/GitHub/Sistemas-en-Chip/Practica5/software/contador_bsp/\libhal_bsp.a(alt_write.o)
 .debug_frame   0x000000000000030c       0x88 c:/Users/andre/Documents/GitHub/Sistemas-en-Chip/Practica5/software/contador_bsp/\libhal_bsp.a(alt_sys_init.o)
 .debug_frame   0x0000000000000394       0x60 c:/Users/andre/Documents/GitHub/Sistemas-en-Chip/Practica5/software/contador_bsp/\libhal_bsp.a(altera_avalon_jtag_uart_fd.o)
 .debug_frame   0x00000000000003f4       0x34 c:/Users/andre/Documents/GitHub/Sistemas-en-Chip/Practica5/software/contador_bsp/\libhal_bsp.a(altera_avalon_jtag_uart_read.o)
 .debug_frame   0x0000000000000428       0x34 c:/Users/andre/Documents/GitHub/Sistemas-en-Chip/Practica5/software/contador_bsp/\libhal_bsp.a(altera_avalon_jtag_uart_write.o)
 .debug_frame   0x000000000000045c       0x60 c:/Users/andre/Documents/GitHub/Sistemas-en-Chip/Practica5/software/contador_bsp/\libhal_bsp.a(altera_avalon_timer_sc.o)
 .debug_frame   0x00000000000004bc       0x60 c:/Users/andre/Documents/GitHub/Sistemas-en-Chip/Practica5/software/contador_bsp/\libhal_bsp.a(alt_close.o)
 .debug_frame   0x000000000000051c       0x34 c:/Users/andre/Documents/GitHub/Sistemas-en-Chip/Practica5/software/contador_bsp/\libhal_bsp.a(alt_dcache_flush_all.o)
 .debug_frame   0x0000000000000550       0x34 c:/Users/andre/Documents/GitHub/Sistemas-en-Chip/Practica5/software/contador_bsp/\libhal_bsp.a(alt_dev.o)
 .debug_frame   0x0000000000000584       0x60 c:/Users/andre/Documents/GitHub/Sistemas-en-Chip/Practica5/software/contador_bsp/\libhal_bsp.a(alt_dev_llist_insert.o)
 .debug_frame   0x00000000000005e4       0x34 c:/Users/andre/Documents/GitHub/Sistemas-en-Chip/Practica5/software/contador_bsp/\libhal_bsp.a(alt_icache_flush_all.o)
 .debug_frame   0x0000000000000618       0xa4 c:/Users/andre/Documents/GitHub/Sistemas-en-Chip/Practica5/software/contador_bsp/\libhal_bsp.a(alt_iic.o)
 .debug_frame   0x00000000000006bc       0x38 c:/Users/andre/Documents/GitHub/Sistemas-en-Chip/Practica5/software/contador_bsp/\libhal_bsp.a(alt_iic_isr_register.o)
 .debug_frame   0x00000000000006f4       0x60 c:/Users/andre/Documents/GitHub/Sistemas-en-Chip/Practica5/software/contador_bsp/\libhal_bsp.a(alt_io_redirect.o)
 .debug_frame   0x0000000000000754       0x38 c:/Users/andre/Documents/GitHub/Sistemas-en-Chip/Practica5/software/contador_bsp/\libhal_bsp.a(alt_irq_handler.o)
 .debug_frame   0x000000000000078c       0x84 c:/Users/andre/Documents/GitHub/Sistemas-en-Chip/Practica5/software/contador_bsp/\libhal_bsp.a(alt_open.o)
 .debug_frame   0x0000000000000810       0x34 c:/Users/andre/Documents/GitHub/Sistemas-en-Chip/Practica5/software/contador_bsp/\libhal_bsp.a(alt_release_fd.o)
 .debug_frame   0x0000000000000844       0x64 c:/Users/andre/Documents/GitHub/Sistemas-en-Chip/Practica5/software/contador_bsp/\libhal_bsp.a(alt_tick.o)
 .debug_frame   0x00000000000008a8       0x34 c:/Users/andre/Documents/GitHub/Sistemas-en-Chip/Practica5/software/contador_bsp/\libhal_bsp.a(altera_nios2_gen2_irq.o)
 .debug_frame   0x00000000000008dc       0x38 c:/Users/andre/Documents/GitHub/Sistemas-en-Chip/Practica5/software/contador_bsp/\libhal_bsp.a(alt_find_dev.o)
 .debug_frame   0x0000000000000914       0x38 c:/Users/andre/Documents/GitHub/Sistemas-en-Chip/Practica5/software/contador_bsp/\libhal_bsp.a(alt_find_file.o)
 .debug_frame   0x000000000000094c       0x34 c:/Users/andre/Documents/GitHub/Sistemas-en-Chip/Practica5/software/contador_bsp/\libhal_bsp.a(alt_get_fd.o)
 .debug_frame   0x0000000000000980       0x5c c:/Users/andre/Documents/GitHub/Sistemas-en-Chip/Practica5/software/contador_bsp/\libhal_bsp.a(alt_instruction_exception_entry.o)
 .debug_frame   0x00000000000009dc       0x28 c:/intelfpga_lite/22.1std/nios2eds/bin/gnu/h-x86_64-mingw32/bin/../lib/gcc/nios2-elf/12.2.1/../../../../../H-x86_64-mingw32/nios2-elf/lib/mno-hw-mul\libsmallc.a(lib_a-exit.o)
 .debug_frame   0x0000000000000a04       0x20 c:/intelfpga_lite/22.1std/nios2eds/bin/gnu/h-x86_64-mingw32/bin/../lib/gcc/nios2-elf/12.2.1/../../../../../H-x86_64-mingw32/nios2-elf/lib/mno-hw-mul\libsmallc.a(lib_a-memcmp.o)
 .debug_frame   0x0000000000000a24       0x54 c:/intelfpga_lite/22.1std/nios2eds/bin/gnu/h-x86_64-mingw32/bin/../lib/gcc/nios2-elf/12.2.1/../../../../../H-x86_64-mingw32/nios2-elf/lib/mno-hw-mul\libsmallc.a(lib_a-__call_atexit.o)
 .debug_frame   0x0000000000000a78       0x2c c:/Users/andre/Documents/GitHub/Sistemas-en-Chip/Practica5/software/contador_bsp/\libhal_bsp.a(alt_exit.o)

.debug_str      0x0000000000000000     0x14d1
 *(.debug_str)
 .debug_str     0x0000000000000000       0x6f c:/Users/andre/Documents/GitHub/Sistemas-en-Chip/Practica5/software/contador_bsp//obj/HAL/src/crt0.o
 .debug_str     0x000000000000006f       0xc4 obj/default/main.o
                                        0x108 (size before relaxing)
 .debug_str     0x0000000000000133      0x371 c:/intelfpga_lite/22.1std/nios2eds/bin/gnu/h-x86_64-mingw32/bin/../lib/gcc/nios2-elf/12.2.1/../../../../../H-x86_64-mingw32/nios2-elf/lib/mno-hw-mul\libsmallc.a(lib_a-printf.o)
                                        0x455 (size before relaxing)
 .debug_str     0x00000000000004a4      0x2a8 c:/intelfpga_lite/22.1std/nios2eds/bin/gnu/h-x86_64-mingw32/bin/../lib/gcc/nios2-elf/12.2.1/../../../../../H-x86_64-mingw32/nios2-elf/lib/mno-hw-mul\libsmallc.a(lib_a-vfprintf.o)
                                        0x79c (size before relaxing)
 .debug_str     0x000000000000074c       0x25 c:/intelfpga_lite/22.1std/nios2eds/bin/gnu/h-x86_64-mingw32/bin/../lib/gcc/nios2-elf/12.2.1/../../../../../H-x86_64-mingw32/nios2-elf/lib/mno-hw-mul\libsmallc.a(lib_a-fvwrite_small_dev.o)
                                        0x410 (size before relaxing)
 .debug_str     0x0000000000000771       0x1f c:/intelfpga_lite/22.1std/nios2eds/bin/gnu/h-x86_64-mingw32/bin/../lib/gcc/nios2-elf/12.2.1/../../../../../H-x86_64-mingw32/nios2-elf/lib/mno-hw-mul\libsmallc.a(lib_a-impure.o)
                                        0x3f5 (size before relaxing)
 .debug_str     0x0000000000000790       0x1f c:/intelfpga_lite/22.1std/nios2eds/bin/gnu/h-x86_64-mingw32/bin/../lib/gcc/nios2-elf/12.2.1/../../../../../H-x86_64-mingw32/nios2-elf/lib/mno-hw-mul\libsmallc.a(lib_a-strlen.o)
                                        0x107 (size before relaxing)
 .debug_str     0x0000000000000790       0x1f c:/intelfpga_lite/22.1std/nios2eds/bin/gnu/h-x86_64-mingw32/bin/../lib/gcc/nios2-elf/12.2.1/../../../../../H-x86_64-mingw32/nios2-elf/lib/mno-hw-mul\libsmallc.a(lib_a-writer.o)
                                        0x3ef (size before relaxing)
 .debug_str     0x0000000000000790       0xf9 c:/intelfpga_lite/22.1std/nios2eds/bin/gnu/h-x86_64-mingw32/bin/../lib/gcc/nios2-elf/12.2.1/../../../../../H-x86_64-mingw32/nios2-elf/lib/mno-hw-mul\libsmallc.a(lib_a-int_errno.o)
 .debug_str     0x0000000000000790       0xcd c:/intelfpga_lite/22.1std/nios2eds/bin/gnu/h-x86_64-mingw32/bin/../lib/gcc/nios2-elf/12.2.1/mno-hw-mul\libgcc.a(lib2-divmod.o)
                                        0x122 (size before relaxing)
 .debug_str     0x000000000000085d       0xe6 c:/intelfpga_lite/22.1std/nios2eds/bin/gnu/h-x86_64-mingw32/bin/../lib/gcc/nios2-elf/12.2.1/mno-hw-mul\libgcc.a(lib2-mul.o)
 .debug_str     0x000000000000085d      0x108 c:/Users/andre/Documents/GitHub/Sistemas-en-Chip/Practica5/software/contador_bsp/\libhal_bsp.a(alt_load.o)
                                        0x1f0 (size before relaxing)
 .debug_str     0x0000000000000965       0x61 c:/Users/andre/Documents/GitHub/Sistemas-en-Chip/Practica5/software/contador_bsp/\libhal_bsp.a(alt_main.o)
                                        0x15a (size before relaxing)
 .debug_str     0x00000000000009c6      0x19b c:/Users/andre/Documents/GitHub/Sistemas-en-Chip/Practica5/software/contador_bsp/\libhal_bsp.a(alt_write.o)
                                        0x2fd (size before relaxing)
 .debug_str     0x0000000000000b61      0x156 c:/Users/andre/Documents/GitHub/Sistemas-en-Chip/Practica5/software/contador_bsp/\libhal_bsp.a(alt_sys_init.o)
                                        0x2f9 (size before relaxing)
 .debug_str     0x0000000000000cb7       0x42 c:/Users/andre/Documents/GitHub/Sistemas-en-Chip/Practica5/software/contador_bsp/\libhal_bsp.a(altera_avalon_jtag_uart_fd.o)
                                        0x287 (size before relaxing)
 .debug_str     0x0000000000000cf9       0x42 c:/Users/andre/Documents/GitHub/Sistemas-en-Chip/Practica5/software/contador_bsp/\libhal_bsp.a(altera_avalon_jtag_uart_read.o)
                                        0x167 (size before relaxing)
 .debug_str     0x0000000000000cf9      0x15c c:/Users/andre/Documents/GitHub/Sistemas-en-Chip/Practica5/software/contador_bsp/\libhal_bsp.a(altera_avalon_jtag_uart_write.o)
 .debug_str     0x0000000000000cf9       0xb6 c:/Users/andre/Documents/GitHub/Sistemas-en-Chip/Practica5/software/contador_bsp/\libhal_bsp.a(altera_avalon_timer_sc.o)
                                        0x1da (size before relaxing)
 .debug_str     0x0000000000000daf       0x16 c:/Users/andre/Documents/GitHub/Sistemas-en-Chip/Practica5/software/contador_bsp/\libhal_bsp.a(alt_close.o)
                                        0x1c0 (size before relaxing)
 .debug_str     0x0000000000000dc5       0xfd c:/Users/andre/Documents/GitHub/Sistemas-en-Chip/Practica5/software/contador_bsp/\libhal_bsp.a(alt_dcache_flush_all.o)
 .debug_str     0x0000000000000dc5       0x3e c:/Users/andre/Documents/GitHub/Sistemas-en-Chip/Practica5/software/contador_bsp/\libhal_bsp.a(alt_dev.o)
                                        0x319 (size before relaxing)